Archive member included to satisfy reference by file (symbol)

/usr/lib/gcc/avr/5.4.0/../../../avr/lib/avr51/libprintf_flt.a(vfprintf_flt.o)
                              (vfprintf)
/root/share/Code/AVRLibrary/Debug/libAVRLibrary.a(HardwareSerial.o)
                              ./main.o (_ZN14HardwareSerial5beginEl)
/root/share/Code/AVRLibrary/Debug/libAVRLibrary.a(Print.o)
                              /root/share/Code/AVRLibrary/Debug/libAVRLibrary.a(HardwareSerial.o) (_ZN5Print5writeEPKhj)
/root/share/Code/AVRLibrary/Debug/libAVRLibrary.a(WString.o)
                              /root/share/Code/AVRLibrary/Debug/libAVRLibrary.a(Print.o) (_ZNK6StringixEj)
/root/share/Code/AVRLibrary/Debug/libAVRLibrary.a(new.o)
                              ./DashPages/FE/FEDash.o (_Znwj)
/root/share/Code/AVRLibrary/Debug/libAVRLibrary.a(wiring.o)
                              ./Screen.o (delay)
/root/share/Code/AVRLibrary/Debug/libAVRLibrary.a(CPFEAVRAnalog.o)
                              ./CPFERotarySwitch.o (_ZN13CPFEAVRAnalog17currentConversionE)
/usr/lib/gcc/avr/5.4.0/avr51/libgcc.a(_udivmodsi4.o)
                              /root/share/Code/AVRLibrary/Debug/libAVRLibrary.a(HardwareSerial.o) (__udivmodsi4)
/usr/lib/gcc/avr/5.4.0/avr51/libgcc.a(_exit.o)
                              /usr/lib/gcc/avr/5.4.0/../../../avr/lib/avr51/crtat90can128.o (exit)
/usr/lib/gcc/avr/5.4.0/avr51/libgcc.a(_tablejump2.o)
                              ./FTDI _V1/libraries/FT_GC/FT_Transport_SPI/SPI.o (__tablejump2__)
/usr/lib/gcc/avr/5.4.0/avr51/libgcc.a(_copy_data.o)
                              ./FTDI _V1/libraries/FT_GC/FT_Transport_SPI/SPI.o (__do_copy_data)
/usr/lib/gcc/avr/5.4.0/avr51/libgcc.a(_clear_bss.o)
                              ./FTDI _V1/libraries/FT_GC/FT_Transport_SPI/SPI.o (__do_clear_bss)
/usr/lib/gcc/avr/5.4.0/avr51/libgcc.a(_ctors.o)
                              ./CPFERotarySwitch.o (__do_global_ctors)
/usr/lib/gcc/avr/5.4.0/avr51/libgcc.a(_muluhisi3.o)
                              /root/share/Code/AVRLibrary/Debug/libAVRLibrary.a(HardwareSerial.o) (__muluhisi3)
/usr/lib/gcc/avr/5.4.0/avr51/libgcc.a(_umulhisi3.o)
                              /usr/lib/gcc/avr/5.4.0/avr51/libgcc.a(_muluhisi3.o) (__umulhisi3)
/usr/lib/gcc/avr/5.4.0/../../../avr/lib/avr51/libm.a(addsf3.o)
                              ./CPFERotarySwitch.o (__subsf3)
/usr/lib/gcc/avr/5.4.0/../../../avr/lib/avr51/libm.a(addsf3x.o)
                              /usr/lib/gcc/avr/5.4.0/../../../avr/lib/avr51/libm.a(addsf3.o) (__addsf3x)
/usr/lib/gcc/avr/5.4.0/../../../avr/lib/avr51/libm.a(cmpsf2.o)
                              ./DashPages/CC/Driving.o (__ltsf2)
/usr/lib/gcc/avr/5.4.0/../../../avr/lib/avr51/libm.a(divsf3.o)
                              ./DashPages/CC/CCDash.o (__divsf3)
/usr/lib/gcc/avr/5.4.0/../../../avr/lib/avr51/libm.a(divsf3x.o)
                              /usr/lib/gcc/avr/5.4.0/../../../avr/lib/avr51/libm.a(divsf3.o) (__divsf3x)
/usr/lib/gcc/avr/5.4.0/../../../avr/lib/avr51/libm.a(fixsfsi.o)
                              /root/share/Code/AVRLibrary/Debug/libAVRLibrary.a(Print.o) (__fixsfsi)
/usr/lib/gcc/avr/5.4.0/../../../avr/lib/avr51/libm.a(fixunssfsi.o)
                              ./DashPages/CC/Driving.o (__fixunssfsi)
/usr/lib/gcc/avr/5.4.0/../../../avr/lib/avr51/libm.a(floatsisf.o)
                              ./DashPages/CC/CCDash.o (__floatunsisf)
/usr/lib/gcc/avr/5.4.0/../../../avr/lib/avr51/libm.a(fp_cmp.o)
                              /usr/lib/gcc/avr/5.4.0/../../../avr/lib/avr51/libm.a(cmpsf2.o) (__fp_cmp)
/usr/lib/gcc/avr/5.4.0/../../../avr/lib/avr51/libm.a(fp_inf.o)
                              /usr/lib/gcc/avr/5.4.0/../../../avr/lib/avr51/libm.a(addsf3x.o) (__fp_inf)
/usr/lib/gcc/avr/5.4.0/../../../avr/lib/avr51/libm.a(fp_nan.o)
                              /usr/lib/gcc/avr/5.4.0/../../../avr/lib/avr51/libm.a(addsf3x.o) (__fp_nan)
/usr/lib/gcc/avr/5.4.0/../../../avr/lib/avr51/libm.a(fp_pscA.o)
                              /usr/lib/gcc/avr/5.4.0/../../../avr/lib/avr51/libm.a(addsf3x.o) (__fp_pscA)
/usr/lib/gcc/avr/5.4.0/../../../avr/lib/avr51/libm.a(fp_pscB.o)
                              /usr/lib/gcc/avr/5.4.0/../../../avr/lib/avr51/libm.a(addsf3x.o) (__fp_pscB)
/usr/lib/gcc/avr/5.4.0/../../../avr/lib/avr51/libm.a(fp_round.o)
                              /usr/lib/gcc/avr/5.4.0/../../../avr/lib/avr51/libm.a(addsf3.o) (__fp_round)
/usr/lib/gcc/avr/5.4.0/../../../avr/lib/avr51/libm.a(fp_split3.o)
                              /usr/lib/gcc/avr/5.4.0/../../../avr/lib/avr51/libm.a(addsf3x.o) (__fp_split3)
/usr/lib/gcc/avr/5.4.0/../../../avr/lib/avr51/libm.a(fp_zero.o)
                              /usr/lib/gcc/avr/5.4.0/../../../avr/lib/avr51/libm.a(addsf3x.o) (__fp_zero)
/usr/lib/gcc/avr/5.4.0/../../../avr/lib/avr51/libm.a(gesf2.o)
                              ./DashPages/CC/Driving.o (__gtsf2)
/usr/lib/gcc/avr/5.4.0/../../../avr/lib/avr51/libm.a(mulsf3.o)
[...]
Memory Configuration

Name             Origin             Length             Attributes
text             0x0000000000000000 0x0000000000020000 xr
data             0x0000000000800100 0x000000000000ff00 rw !x
eeprom           0x0000000000810000 0x0000000000010000 rw !x
fuse             0x0000000000820000 0x0000000000000003 rw !x
lock             0x0000000000830000 0x0000000000000400 rw !x
signature        0x0000000000840000 0x0000000000000400 rw !x
user_signatures  0x0000000000850000 0x0000000000000400 rw !x
*default*        0x0000000000000000 0xffffffffffffffff

Linker script and memory map

Address of section .data set to 0x800100
LOAD /usr/lib/gcc/avr/5.4.0/../../../avr/lib/avr51/crtat90can128.o
LOAD /usr/lib/gcc/avr/5.4.0/../../../avr/lib/avr51/libprintf_flt.a
LOAD ./SerialPrint/Debug.o
LOAD ./FTDI _V1/libraries/FT_GC/FT_Transport_SPI/SPI.o
LOAD ./DashPages/FE/Charging.o
LOAD ./DashPages/FE/FEDash.o
LOAD ./DashPages/FE/FEDashStr.o
LOAD ./DashPages/CC/CCDash.o
LOAD ./DashPages/CC/CCDashStr.o
LOAD ./DashPages/CC/Driving.o
LOAD ./DashPages/CC/Error.o
LOAD ./DashPages/CC/ErrorConditions.o
LOAD ./ADCManager.o
LOAD ./CANLib.o
LOAD ./CPFERotarySwitch.o
LOAD ./Input.o
LOAD ./Screen.o
LOAD ./Subsystem.o
LOAD ./main.o
LOAD /root/share/Code/AVRLibrary/Debug/libAVRLibrary.a
LOAD /usr/lib/gcc/avr/5.4.0/avr51/libgcc.a
LOAD /usr/lib/gcc/avr/5.4.0/../../../avr/lib/avr51/libm.a
START GROUP
LOAD /usr/lib/gcc/avr/5.4.0/avr51/libgcc.a
LOAD /usr/lib/gcc/avr/5.4.0/../../../avr/lib/avr51/libm.a
LOAD /usr/lib/gcc/avr/5.4.0/../../../avr/lib/avr51/libc.a
LOAD /usr/lib/gcc/avr/5.4.0/../../../avr/lib/avr51/libat90can128.a
END GROUP
                0x0000000000020000                __TEXT_REGION_LENGTH__ = DEFINED (__TEXT_REGION_LENGTH__)?__TEXT_REGION_LENGTH__:0x20000
                0x000000000000ff00                __DATA_REGION_LENGTH__ = DEFINED (__DATA_REGION_LENGTH__)?__DATA_REGION_LENGTH__:0xff00
                0x0000000000010000                __EEPROM_REGION_LENGTH__ = DEFINED (__EEPROM_REGION_LENGTH__)?__EEPROM_REGION_LENGTH__:0x10000
                [0x0000000000000003]                __FUSE_REGION_LENGTH__ = DEFINED (__FUSE_REGION_LENGTH__)?__FUSE_REGION_LENGTH__:0x400
                0x0000000000000400                __LOCK_REGION_LENGTH__ = DEFINED (__LOCK_REGION_LENGTH__)?__LOCK_REGION_LENGTH__:0x400
                0x0000000000000400                __SIGNATURE_REGION_LENGTH__ = DEFINED (__SIGNATURE_REGION_LENGTH__)?__SIGNATURE_REGION_LENGTH__:0x400
                0x0000000000000400                __USER_SIGNATURE_REGION_LENGTH__ = DEFINED (__USER_SIGNATURE_REGION_LENGTH__)?__USER_SIGNATURE_REGION_LENGTH__:0x400

.hash
 *(.hash)

.dynsym
 *(.dynsym)

.dynstr
 *(.dynstr)

.gnu.version
 *(.gnu.version)

.gnu.version_d
 *(.gnu.version_d)

.gnu.version_r
 *(.gnu.version_r)

.rel.init
 *(.rel.init)

.rela.init
 *(.rela.init)

.rel.text
 *(.rel.text)
 *(.rel.text.*)
 *(.rel.gnu.linkonce.t*)

.rela.text
 *(.rela.text)
 *(.rela.text.*)
 *(.rela.gnu.linkonce.t*)

.rel.fini
 *(.rel.fini)

.rela.fini
 *(.rela.fini)

.rel.rodata
 *(.rel.rodata)
 *(.rel.rodata.*)
 *(.rel.gnu.linkonce.r*)

.rela.rodata
 *(.rela.rodata)
 *(.rela.rodata.*)
 *(.rela.gnu.linkonce.r*)

.rel.data
 *(.rel.data)
 *(.rel.data.*)
 *(.rel.gnu.linkonce.d*)

.rela.data
 *(.rela.data)
 *(.rela.data.*)
 *(.rela.gnu.linkonce.d*)

.rel.ctors
 *(.rel.ctors)

.rela.ctors
 *(.rela.ctors)

.rel.dtors
 *(.rel.dtors)

.rela.dtors
 *(.rela.dtors)

.rel.got
 *(.rel.got)

.rela.got
 *(.rela.got)

.rel.bss
 *(.rel.bss)

.rela.bss
 *(.rela.bss)

.rel.plt
 *(.rel.plt)

.rela.plt
 *(.rela.plt)

.text           0x0000000000000000     0x975c
 *(.vectors)
 .vectors       0x0000000000000000       0x94 /usr/lib/gcc/avr/5.4.0/../../../avr/lib/avr51/crtat90can128.o
                0x0000000000000000                __vectors
                0x0000000000000000                __vector_default
 *(.vectors)
 *(.progmem.gcc*)
                0x0000000000000094                . = ALIGN (0x2)
                0x0000000000000094                __trampolines_start = .
 *(.trampolines)
 .trampolines   0x0000000000000094        0x0 linker stubs
 *(.trampolines*)
                0x0000000000000094                __trampolines_end = .
 *libprintf_flt.a:*(.progmem.data)
 .progmem.data  0x0000000000000094        0x8 /usr/lib/gcc/avr/5.4.0/../../../avr/lib/avr51/libprintf_flt.a(vfprintf_flt.o)
 *libc.a:*(.progmem.data)
 .progmem.data  0x000000000000009c       0xfa /usr/lib/gcc/avr/5.4.0/../../../avr/lib/avr51/libc.a(ftoa_engine.o)
 *(.progmem*)
 .progmem.data._ZZN6CCDash20OnButtonInputChange1EhE3__c
                0x0000000000000196       0x1d ./DashPages/CC/CCDash.o
 .progmem.data._ZZN6CCDash20OnButtonInputChange0EhE3__c
                0x00000000000001b3       0x1d ./DashPages/CC/CCDash.o
 .progmem.data._ZN6CCDash6MSFontE
                0x00000000000001d0      0x6ed ./DashPages/CC/CCDash.o
                0x00000000000001d0                _ZN6CCDash6MSFontE
 .progmem.data.CSWTCH.9
                0x00000000000008bd        0xc ./DashPages/CC/CCDashStr.o
 .progmem.data.CSWTCH.7
                0x00000000000008c9        0xe ./DashPages/CC/CCDashStr.o
 .progmem.data._ZL18ErrorLevel_Warning
                0x00000000000008d7        0x8 ./DashPages/CC/CCDashStr.o
 .progmem.data._ZL23ErrorLevel_ReturnToPits
                0x00000000000008df        0x7 ./DashPages/CC/CCDashStr.o
 .progmem.data._ZL15ErrorLevel_None
                0x00000000000008e6        0x8 ./DashPages/CC/CCDashStr.o
 .progmem.data._ZL18ErrorLevel_Message
                0x00000000000008ee        0x8 ./DashPages/CC/CCDashStr.o
 .progmem.data._ZL16ErrorLevel_Error
                0x00000000000008f6        0x6 ./DashPages/CC/CCDashStr.o
 .progmem.data._ZL17ErrorLevel_Danger
                0x00000000000008fc        0x7 ./DashPages/CC/CCDashStr.o
 .progmem.data._ZL26WarningMessage_OilPressure
                0x0000000000000903       0x11 ./DashPages/CC/CCDashStr.o
 .progmem.data._ZL25WarningMessage_BatteryLow
                0x0000000000000914       0x14 ./DashPages/CC/CCDashStr.o
 .progmem.data._ZL26WarningMessage_InvalidData
                0x0000000000000928        0xd ./DashPages/CC/CCDashStr.o
 .progmem.data._ZL22WarningMessage_Invalid
                0x0000000000000935        0x8 ./DashPages/CC/CCDashStr.o
 .progmem.data._ZL33WarningMessage_OilTemperatureHigh
                0x000000000000093d       0x13 ./DashPages/CC/CCDashStr.o
 .progmem.data._ZL36WarningMessage_EngineTemperatureHigh
                0x0000000000000950       0x16 ./DashPages/CC/CCDashStr.o
 .progmem.data._ZL37WarningMessage_EngineTemperatureError
                0x0000000000000966       0x19 ./DashPages/CC/CCDashStr.o
 .progmem.data._ZZN5Input4InitEvE3__c_4
                0x000000000000097f        0x9 ./Input.o
 .progmem.data._ZZN5Input4InitEvE3__c_3
                0x0000000000000988        0xd ./Input.o
 .progmem.data._ZZN5Input4InitEvE3__c_2
                0x0000000000000995        0xd ./Input.o
 .progmem.data._ZZN5Input4InitEvE3__c_1
                0x00000000000009a2        0x9 ./Input.o
 .progmem.data._ZZN5Input4InitEvE3__c_0
                0x00000000000009ab        0x5 ./Input.o
 .progmem.data._ZZN5Input4InitEvE3__c
                0x00000000000009b0        0x9 ./Input.o
 .progmem.data._ZZN5Input6UpdateEhE3__c_4
                0x00000000000009b9       0x22 ./Input.o
 .progmem.data._ZZN5Input6UpdateEhE3__c_3
                0x00000000000009db        0x5 ./Input.o
 .progmem.data._ZZN5Input6UpdateEhE3__c_2
                0x00000000000009e0        0x9 ./Input.o
 .progmem.data._ZZN5Input6UpdateEhE3__c_1
                0x00000000000009e9       0x23 ./Input.o
 .progmem.data._ZZN5Input6UpdateEhE3__c_0
                0x0000000000000a0c        0x5 ./Input.o
 .progmem.data._ZZN5Input6UpdateEhE3__c
                0x0000000000000a11        0x9 ./Input.o
 .progmem.data._ZZN6Screen4InitEvE3__c_1
                0x0000000000000a1a       0x2b ./Screen.o
 .progmem.data._ZZN6Screen4InitEvE3__c_0
                0x0000000000000a45        0x5 ./Screen.o
 .progmem.data._ZZN6Screen4InitEvE3__c
                0x0000000000000a4a        0xa ./Screen.o
 .progmem.data._ZN6Screen12CPRacingLogoE
                0x0000000000000a54      0x672 ./Screen.o
                0x0000000000000a54                _ZN6Screen12CPRacingLogoE
 .progmem.data._ZZN9Subsystem4InitEvE3__c
                0x00000000000010c6       0x17 ./Subsystem.o
 .progmem.data._ZZN9SubsystemC4EhE3__c_1
                0x00000000000010dd       0x2b ./Subsystem.o
 .progmem.data._ZZN9SubsystemC4EhE3__c_0
                0x0000000000001108        0x5 ./Subsystem.o
 .progmem.data._ZZN9SubsystemC4EhE3__c
                0x000000000000110d        0xa ./Subsystem.o
 .progmem.data._ZZN16SubsystemControl14InitSubsystemsEvE3__c_2
                0x0000000000001117       0x21 ./Subsystem.o
 .progmem.data._ZZN16SubsystemControl14InitSubsystemsEvE3__c_1
                0x0000000000001138       0x21 ./Subsystem.o
 .progmem.data._ZZN16SubsystemControl14InitSubsystemsEvE3__c_0
                0x0000000000001159        0x5 ./Subsystem.o
 .progmem.data._ZZN16SubsystemControl14InitSubsystemsEvE3__c
                0x000000000000115e        0xa ./Subsystem.o
 .progmem.data._ZZ4mainE3__c_1
                0x0000000000001168        0xc ./main.o
 .progmem.data._ZZ4mainE3__c_0
                0x0000000000001174        0xa ./main.o
 .progmem.data._ZZ4mainE3__c
                0x000000000000117e       0x23 ./main.o
                0x00000000000011a2                . = ALIGN (0x2)
 *fill*         0x00000000000011a1        0x1 
 *(.jumptables)
 *(.jumptables*)
 *(.lowtext)
 *(.lowtext*)
                0x00000000000011a2                __ctors_start = .
 *(.ctors)
 .ctors         0x00000000000011a2        0x2 ./CPFERotarySwitch.o
 .ctors         0x00000000000011a4        0x2 /root/share/Code/AVRLibrary/Debug/libAVRLibrary.a(HardwareSerial.o)
                0x00000000000011a6                __ctors_end = .
                0x00000000000011a6                __dtors_start = .
 *(.dtors)
                0x00000000000011a6                __dtors_end = .
 SORT(*)(.ctors)
 SORT(*)(.dtors)
 *(.init0)
 .init0         0x00000000000011a6        0x0 /usr/lib/gcc/avr/5.4.0/../../../avr/lib/avr51/crtat90can128.o
                0x00000000000011a6                __init
 *(.init0)
 *(.init1)
 *(.init1)
 *(.init2)
 .init2         0x00000000000011a6        0xc /usr/lib/gcc/avr/5.4.0/../../../avr/lib/avr51/crtat90can128.o
 *(.init2)
 *(.init3)
 *(.init3)
 *(.init4)
 .init4         0x00000000000011b2       0x1a /usr/lib/gcc/avr/5.4.0/avr51/libgcc.a(_copy_data.o)
                0x00000000000011b2                __do_copy_data
 .init4         0x00000000000011cc       0x10 /usr/lib/gcc/avr/5.4.0/avr51/libgcc.a(_clear_bss.o)
                0x00000000000011cc                __do_clear_bss
 *(.init4)
 *(.init5)
 *(.init5)
 *(.init6)
 .init6         0x00000000000011dc       0x16 /usr/lib/gcc/avr/5.4.0/avr51/libgcc.a(_ctors.o)
                0x00000000000011dc                __do_global_ctors
 *(.init6)
 *(.init7)
 *(.init7)
 *(.init8)
 *(.init8)
 *(.init9)
 .init9         0x00000000000011f2        0x8 /usr/lib/gcc/avr/5.4.0/../../../avr/lib/avr51/crtat90can128.o
 *(.init9)
 *(.text)
 .text          0x00000000000011fa        0x4 /usr/lib/gcc/avr/5.4.0/../../../avr/lib/avr51/crtat90can128.o
                0x00000000000011fa                __vector_22
                0x00000000000011fa                __vector_28
                0x00000000000011fa                __vector_1
                0x00000000000011fa                __vector_34
                0x00000000000011fa                __vector_24
                0x00000000000011fa                __bad_interrupt
                0x00000000000011fa                __vector_6
                0x00000000000011fa                __vector_31
                0x00000000000011fa                __vector_35
                0x00000000000011fa                __vector_3
                0x00000000000011fa                __vector_23
                0x00000000000011fa                __vector_30
                0x00000000000011fa                __vector_11
                0x00000000000011fa                __vector_13
                0x00000000000011fa                __vector_19
                0x00000000000011fa                __vector_7
                0x00000000000011fa                __vector_27
                0x00000000000011fa                __vector_5
                0x00000000000011fa                __vector_33
                0x00000000000011fa                __vector_4
                0x00000000000011fa                __vector_9
                0x00000000000011fa                __vector_2
                0x00000000000011fa                __vector_15
                0x00000000000011fa                __vector_36
                0x00000000000011fa                __vector_29
                0x00000000000011fa                __vector_8
                0x00000000000011fa                __vector_26
                0x00000000000011fa                __vector_14
                0x00000000000011fa                __vector_10
                0x00000000000011fa                __vector_16
                0x00000000000011fa                __vector_20
 .text          0x00000000000011fe       0x64 /usr/lib/gcc/avr/5.4.0/../../../avr/lib/avr51/libc.a(atexit.o)
                0x0000000000001226                atexit
                0x0000000000001262                . = ALIGN (0x2)
 *(.text.*)
 .text.avr-libc
                0x0000000000001262      0x74c /usr/lib/gcc/avr/5.4.0/../../../avr/lib/avr51/libprintf_flt.a(vfprintf_flt.o)
                0x0000000000001262                vfprintf
 .text._ZN8SPIClass5beginEv
                0x00000000000019ae       0x2e ./FTDI _V1/libraries/FT_GC/FT_Transport_SPI/SPI.o
                0x00000000000019ae                _ZN8SPIClass5beginEv
 .text._ZN5FT_GCI16FT_Transport_SPIE15ChkGetFreeSpaceEj.part.8
                0x00000000000019dc      0x13c ./DashPages/FE/Charging.o
 .text._ZN5FT_GCI16FT_Transport_SPIE8WriteCmdEm
                0x0000000000001b18      0x278 ./DashPages/FE/Charging.o
                0x0000000000001b18                _ZN5FT_GCI16FT_Transport_SPIE8WriteCmdEm
 .text._ZN5FT_GCI16FT_Transport_SPIE11TransferCmdEPhm
                0x0000000000001d90      0x304 ./DashPages/FE/Charging.o
                0x0000000000001d90                _ZN5FT_GCI16FT_Transport_SPIE11TransferCmdEPhm
 .text._ZN5FT_GCI16FT_Transport_SPIE9PrintTextEiihjPKcz
                0x0000000000002094      0x186 ./DashPages/FE/Charging.o
                0x0000000000002094                _ZN5FT_GCI16FT_Transport_SPIE9PrintTextEiihjPKcz
 .text._ZN11CANListener17INT_Call_GotFrameERKN6CANRaw16CAN_FRAME_HEADERERKNS0_8CAN_DATAE
                0x000000000000221a        0x2 ./DashPages/FE/FEDash.o
                0x000000000000221a                _ZN11CANListener17INT_Call_GotFrameERKN6CANRaw16CAN_FRAME_HEADERERKNS0_8CAN_DATAE
 .text._ZN11CANListener18INT_Call_SentFrameERKN6CANRaw16CAN_FRAME_HEADERE
                0x000000000000221c        0x2 ./DashPages/FE/FEDash.o
                0x000000000000221c                _ZN11CANListener18INT_Call_SentFrameERKN6CANRaw16CAN_FRAME_HEADERE
 .text._ZN6Screen9OnCANDataEv
                0x000000000000221e        0x2 ./DashPages/FE/FEDash.o
                0x000000000000221e                _ZN6Screen9OnCANDataEv
 .text._ZN6CCDashD2Ev
                0x0000000000002220        0x4 ./DashPages/CC/CCDash.o
                0x0000000000002220                _ZN6CCDashD1Ev
                0x0000000000002220                _ZN6CCDashD2Ev
                0x0000000000002222                _ZThn4_N6CCDashD1Ev
 .text._ZN6CCDash17INT_Call_GotFrameERKN6CANRaw16CAN_FRAME_HEADERERKNS0_8CAN_DATAE
                0x0000000000002224       0xbc ./DashPages/CC/CCDash.o
                0x0000000000002224                _ZN6CCDash17INT_Call_GotFrameERKN6CANRaw16CAN_FRAME_HEADERERKNS0_8CAN_DATAE
 .text._ZN6CCDash11OnNoCANDataEv
                0x00000000000022e0        0xe ./DashPages/CC/CCDash.o
                0x00000000000022e0                _ZN6CCDash11OnNoCANDataEv
 .text._ZN6CCDash9OnCANDataEv
                0x00000000000022ee        0xe ./DashPages/CC/CCDash.o
                0x00000000000022ee                _ZN6CCDash9OnCANDataEv
 .text._ZN6CCDash20OnRotaryInputChange0Eh
                0x00000000000022fc       0x20 ./DashPages/CC/CCDash.o
                0x00000000000022fc                _ZN6CCDash20OnRotaryInputChange0Eh
 .text._ZN6CCDash20OnRotaryInputChange1Eh
                0x000000000000231c       0x22 ./DashPages/CC/CCDash.o
                0x000000000000231c                _ZN6CCDash20OnRotaryInputChange1Eh
 .text._ZN6CCDash20OnRotaryInputChange2Eh
                0x000000000000233e       0x20 ./DashPages/CC/CCDash.o
                0x000000000000233e                _ZN6CCDash20OnRotaryInputChange2Eh
 .text._ZN6CCDash20OnButtonInputChange0Eh
                0x000000000000235e        0xc ./DashPages/CC/CCDash.o
                0x000000000000235e                _ZN6CCDash20OnButtonInputChange0Eh
 .text._ZN6CCDash20OnButtonInputChange1Eh
                0x000000000000236a        0xc ./DashPages/CC/CCDash.o
                0x000000000000236a                _ZN6CCDash20OnButtonInputChange1Eh
 .text._ZN6CCDashD0Ev
                0x0000000000002376        0xa ./DashPages/CC/CCDash.o
                0x0000000000002376                _ZN6CCDashD0Ev
                0x000000000000237a                _ZThn4_N6CCDashD0Ev
 .text._ZN6CCDash6UpdateEh
                0x0000000000002380      0x2e8 ./DashPages/CC/CCDash.o
                0x0000000000002380                _ZN6CCDash6UpdateEh
 .text._ZThn4_N6CCDash17INT_Call_GotFrameERKN6CANRaw16CAN_FRAME_HEADERERKNS0_8CAN_DATAE
                0x0000000000002668       0xbe ./DashPages/CC/CCDash.o
                0x0000000000002668                _ZThn4_N6CCDash17INT_Call_GotFrameERKN6CANRaw16CAN_FRAME_HEADERERKNS0_8CAN_DATAE
 .text._ZN5FT_GCI16FT_Transport_SPIE15ChkGetFreeSpaceEj.part.12
                0x0000000000002726      0x13c ./DashPages/CC/CCDash.o
 .text._ZN6CCDashC2Ev
                0x0000000000002862       0x6a ./DashPages/CC/CCDash.o
                0x0000000000002862                _ZN6CCDashC2Ev
                0x0000000000002862                _ZN6CCDashC1Ev
 .text._ZN5FT_GCI16FT_Transport_SPIE6FinishEv
                0x00000000000028cc      0x128 ./DashPages/CC/CCDash.o
                0x00000000000028cc                _ZN5FT_GCI16FT_Transport_SPIE6FinishEv
 .text._ZN6CCDash11RunningDrawEv
                0x00000000000029f4       0x9c ./DashPages/CC/CCDash.o
                0x00000000000029f4                _ZN6CCDash11RunningDrawEv
 .text._ZN5FT_GCI16FT_Transport_SPIE20TransferCmdfromflashEPKhm
                0x0000000000002a90      0x30a ./DashPages/CC/CCDash.o
                0x0000000000002a90                _ZN5FT_GCI16FT_Transport_SPIE20TransferCmdfromflashEPKhm
 .text._ZN6CCDash22uploadFontToControllerEv
                0x0000000000002d9a      0x1a0 ./DashPages/CC/CCDash.o
                0x0000000000002d9a                _ZN6CCDash22uploadFontToControllerEv
 .text._ZN6CCDash4InitEv
                0x0000000000002f3a      0x212 ./DashPages/CC/CCDash.o
                0x0000000000002f3a                _ZN6CCDash4InitEv
 .text._ZN9CCDashStr15getErrorTypeStrE5ErrorPc
                0x000000000000314c       0x2a ./DashPages/CC/CCDashStr.o
                0x000000000000314c                _ZN9CCDashStr15getErrorTypeStrE5ErrorPc
 .text._ZN9CCDashStr14getErrorMsgStrE5ErrorPc
                0x0000000000003176       0x42 ./DashPages/CC/CCDashStr.o
                0x0000000000003176                _ZN9CCDashStr14getErrorMsgStrE5ErrorPc
 .text._ZN7Driving5BeginEv
                0x00000000000031b8        0x2 ./DashPages/CC/Driving.o
                0x00000000000031b8                _ZN7Driving5BeginEv
 .text._ZN7DrivingD2Ev
                0x00000000000031ba        0x2 ./DashPages/CC/Driving.o
                0x00000000000031ba                _ZN7DrivingD1Ev
                0x00000000000031ba                _ZN7DrivingD2Ev
 .text._ZN7DrivingD0Ev
                0x00000000000031bc        0x4 ./DashPages/CC/Driving.o
                0x00000000000031bc                _ZN7DrivingD0Ev
 .text._ZN7DrivingC2ER9FT801ImplI16FT_Transport_SPIERKN12CCDashConfig13ConvertedInfoE
                0x00000000000031c0       0x42 ./DashPages/CC/Driving.o
                0x00000000000031c0                _ZN7DrivingC2ER9FT801ImplI16FT_Transport_SPIERKN12CCDashConfig13ConvertedInfoE
                0x00000000000031c0                _ZN7DrivingC1ER9FT801ImplI16FT_Transport_SPIERKN12CCDashConfig13ConvertedInfoE
 .text._ZN7Driving15SetDisplayNoCANEb
                0x0000000000003202        0x6 ./DashPages/CC/Driving.o
                0x0000000000003202                _ZN7Driving15SetDisplayNoCANEb
 .text._ZN5FT_GCI16FT_Transport_SPIE8Cmd_TextEiihjPKc
                0x0000000000003208      0x158 ./DashPages/CC/Driving.o
                0x0000000000003208                _ZN5FT_GCI16FT_Transport_SPIE8Cmd_TextEiihjPKc
 .text._ZN7Driving4DrawEv
                0x0000000000003360      0xd20 ./DashPages/CC/Driving.o
                0x0000000000003360                _ZN7Driving4DrawEv
 .text._ZN9Subsystem6UpdateEh
                0x0000000000004080        0x2 ./ADCManager.o
                0x0000000000004080                _ZN9Subsystem6UpdateEh
 .text._ZN10ADCManagerD2Ev
                0x0000000000004082        0x2 ./ADCManager.o
                0x0000000000004082                _ZN10ADCManagerD1Ev
                0x0000000000004082                _ZN10ADCManagerD2Ev
 .text._ZN10ADCManager4InitEv
                0x0000000000004084       0x1a ./ADCManager.o
                0x0000000000004084                _ZN10ADCManager4InitEv
 .text._ZN10ADCManagerD0Ev
                0x000000000000409e        0x4 ./ADCManager.o
                0x000000000000409e                _ZN10ADCManagerD0Ev
 .text._ZN10ADCManager9StartReadEP27ADCManagerCallbackInterfaceh
                0x00000000000040a2       0x32 ./ADCManager.o
                0x00000000000040a2                _ZN10ADCManager9StartReadEP27ADCManagerCallbackInterfaceh
 .text._ZN10ADCManager12ADCAvailableEv
                0x00000000000040d4       0x12 ./ADCManager.o
                0x00000000000040d4                _ZN10ADCManager12ADCAvailableEv
 .text._ZN10ADCManager15INT_ADCFinishedEv
                0x00000000000040e6       0x58 ./ADCManager.o
                0x00000000000040e6                _ZN10ADCManager15INT_ADCFinishedEv
 .text._ZN6CANRaw14GetNextFreeMobEv
                0x000000000000413e       0x9c ./CANLib.o
                0x000000000000413e                _ZN6CANRaw14GetNextFreeMobEv
 .text._ZN6CANRaw4InitENS_12CAN_BAUDRATEE
                0x00000000000041da      0x32c ./CANLib.o
                0x00000000000041da                _ZN6CANRaw4InitENS_12CAN_BAUDRATEE
 .text._ZN6CANRaw12BindListenerEP11CANListenerNS_7CAN_MOBEb
                0x0000000000004506       0x28 ./CANLib.o
                0x0000000000004506                _ZN6CANRaw12BindListenerEP11CANListenerNS_7CAN_MOBEb
 .text._ZN6CANRaw11INTS_TxDataERKNS_8CAN_DATAENS_7CAN_MOBE
                0x000000000000452e       0x88 ./CANLib.o
                0x000000000000452e                _ZN6CANRaw11INTS_TxDataERKNS_8CAN_DATAENS_7CAN_MOBE
 .text._ZN6CANRaw8ConfigRxERKNS_16CAN_FRAME_HEADERERKNS_14CAN_FRAME_MASKENS_7CAN_MOBE
                0x00000000000045b6      0x36c ./CANLib.o
                0x00000000000045b6                _ZN6CANRaw8ConfigRxERKNS_16CAN_FRAME_HEADERERKNS_14CAN_FRAME_MASKENS_7CAN_MOBE
 .text._ZN6CANRaw8ConfigTxERKNS_16CAN_FRAME_HEADERENS_7CAN_MOBE
                0x0000000000004922      0x33e ./CANLib.o
                0x0000000000004922                _ZN6CANRaw8ConfigTxERKNS_16CAN_FRAME_HEADERENS_7CAN_MOBE
 .text._ZN6CANRaw9INT_CANITEv
                0x0000000000004c60      0x614 ./CANLib.o
                0x0000000000004c60                _ZN6CANRaw9INT_CANITEv
 .text.__vector_18
                0x0000000000005274       0x74 ./CANLib.o
                0x0000000000005274                __vector_18
 .text.startup._GLOBAL__sub_I__ZN16CPFERotarySwitch13positionCountE
                0x00000000000052e8       0x8e ./CPFERotarySwitch.o
 .text._ZN5Input21INT_Call_ADC_FinishedERKjh
                0x0000000000005376       0x22 ./Input.o
                0x0000000000005376                _ZN5Input21INT_Call_ADC_FinishedERKjh
 .text._ZThn4_N5Input21INT_Call_ADC_FinishedERKjh
                0x0000000000005398       0x24 ./Input.o
                0x0000000000005398                _ZThn4_N5Input21INT_Call_ADC_FinishedERKjh
 .text.__tcf_0  0x00000000000053bc        0x2 ./Input.o
 .text._ZN5InputD2Ev
                0x00000000000053be        0x4 ./Input.o
                0x00000000000053be                _ZN5InputD2Ev
                0x00000000000053be                _ZN5InputD1Ev
                0x00000000000053c0                _ZThn4_N5InputD1Ev
 .text._ZN5InputD0Ev
                0x00000000000053c2        0xa ./Input.o
                0x00000000000053c2                _ZN5InputD0Ev
                0x00000000000053c6                _ZThn4_N5InputD0Ev
 .text._ZN5Input6UpdateEh
                0x00000000000053cc      0x260 ./Input.o
                0x00000000000053cc                _ZN5Input6UpdateEh
 .text._ZN5Input4InitEv
                0x000000000000562c       0xf0 ./Input.o
                0x000000000000562c                _ZN5Input4InitEv
 .text._ZN5Input18BindOnChangeButtonERK8delegateNS_6BUTTONE
                0x000000000000571c       0x44 ./Input.o
                0x000000000000571c                _ZN5Input18BindOnChangeButtonERK8delegateNS_6BUTTONE
 .text._ZN5Input18BindOnChangeRotaryERK8delegateNS_6ROTARYE
                0x0000000000005760       0x44 ./Input.o
                0x0000000000005760                _ZN5Input18BindOnChangeRotaryERK8delegateNS_6ROTARYE
 .text._ZN6Screen11OnNoCANDataEv
                0x00000000000057a4        0x2 ./Screen.o
                0x00000000000057a4                _ZN6Screen11OnNoCANDataEv
 .text._ZN6Screen20OnRotaryInputChange0Eh
                0x00000000000057a6        0x2 ./Screen.o
                0x00000000000057a6                _ZN6Screen20OnRotaryInputChange0Eh
 .text._ZN6Screen20OnRotaryInputChange1Eh
                0x00000000000057a8        0x2 ./Screen.o
                0x00000000000057a8                _ZN6Screen20OnRotaryInputChange1Eh
 .text._ZN6Screen20OnRotaryInputChange2Eh
                0x00000000000057aa        0x2 ./Screen.o
                0x00000000000057aa                _ZN6Screen20OnRotaryInputChange2Eh
 .text._ZN6Screen20OnButtonInputChange0Eh
                0x00000000000057ac        0x2 ./Screen.o
                0x00000000000057ac                _ZN6Screen20OnButtonInputChange0Eh
 .text._ZN6Screen20OnButtonInputChange1Eh
                0x00000000000057ae        0x2 ./Screen.o
                0x00000000000057ae                _ZN6Screen20OnButtonInputChange1Eh
 .text._ZN6Screen17INT_Call_GotFrameERKN6CANRaw16CAN_FRAME_HEADERERKNS0_8CAN_DATAE
                0x00000000000057b0        0x8 ./Screen.o
                0x00000000000057b0                _ZN6Screen17INT_Call_GotFrameERKN6CANRaw16CAN_FRAME_HEADERERKNS0_8CAN_DATAE
 .text._ZThn4_N6Screen17INT_Call_GotFrameERKN6CANRaw16CAN_FRAME_HEADERERKNS0_8CAN_DATAE
                0x00000000000057b8        0xa ./Screen.o
                0x00000000000057b8                _ZThn4_N6Screen17INT_Call_GotFrameERKN6CANRaw16CAN_FRAME_HEADERERKNS0_8CAN_DATAE
 .text.__tcf_0  0x00000000000057c2        0x2 ./Screen.o
 .text._ZN8delegate11method_stubI6ScreenXadL_ZNS1_20OnButtonInputChange0EhEEEEvPvh
                0x00000000000057c4        0xe ./Screen.o
                0x00000000000057c4                _ZN8delegate11method_stubI6ScreenXadL_ZNS1_20OnButtonInputChange0EhEEEEvPvh
 .text._ZN8delegate11method_stubI6ScreenXadL_ZNS1_20OnButtonInputChange1EhEEEEvPvh
                0x00000000000057d2        0xe ./Screen.o
                0x00000000000057d2                _ZN8delegate11method_stubI6ScreenXadL_ZNS1_20OnButtonInputChange1EhEEEEvPvh
 .text._ZN8delegate11method_stubI6ScreenXadL_ZNS1_20OnRotaryInputChange0EhEEEEvPvh
                0x00000000000057e0        0xe ./Screen.o
                0x00000000000057e0                _ZN8delegate11method_stubI6ScreenXadL_ZNS1_20OnRotaryInputChange0EhEEEEvPvh
 .text._ZN8delegate11method_stubI6ScreenXadL_ZNS1_20OnRotaryInputChange1EhEEEEvPvh
                0x00000000000057ee        0xe ./Screen.o
                0x00000000000057ee                _ZN8delegate11method_stubI6ScreenXadL_ZNS1_20OnRotaryInputChange1EhEEEEvPvh
 .text._ZN8delegate11method_stubI6ScreenXadL_ZNS1_20OnRotaryInputChange2EhEEEEvPvh
                0x00000000000057fc        0xe ./Screen.o
                0x00000000000057fc                _ZN8delegate11method_stubI6ScreenXadL_ZNS1_20OnRotaryInputChange2EhEEEEvPvh
 .text._ZN8delegate11method_stubI6ScreenXadL_ZNS1_19SendSwitchPositionsEhEEEEvPvh
                0x000000000000580a      0x2f2 ./Screen.o
                0x000000000000580a                _ZN8delegate11method_stubI6ScreenXadL_ZNS1_19SendSwitchPositionsEhEEEEvPvh
 .text._ZN6ScreenC2Ev
                0x0000000000005afc       0x58 ./Screen.o
                0x0000000000005afc                _ZN6ScreenC1Ev
                0x0000000000005afc                _ZN6ScreenC2Ev
 .text._ZN6Screen17ForceStateRunningEv
                0x0000000000005b54        0x8 ./Screen.o
                0x0000000000005b54                _ZN6Screen17ForceStateRunningEv
 .text._ZN6Screen22uploadLogoToControllerEv
                0x0000000000005b5c      0x184 ./Screen.o
                0x0000000000005b5c                _ZN6Screen22uploadLogoToControllerEv
 .text._ZN6Screen21displayStartingScreenEv
                0x0000000000005ce0      0x1f6 ./Screen.o
                0x0000000000005ce0                _ZN6Screen21displayStartingScreenEv
 .text._ZN6Screen20displayWaitingScreenEv
                0x0000000000005ed6      0x3f4 ./Screen.o
                0x0000000000005ed6                _ZN6Screen20displayWaitingScreenEv
 .text._ZN6Screen6UpdateEh
                0x00000000000062ca       0xa4 ./Screen.o
                0x00000000000062ca                _ZN6Screen6UpdateEh
 .text._ZN5FT_GCI16FT_Transport_SPIE19ActiveInternalClockEv
                0x000000000000636e      0x33e ./Screen.o
                0x000000000000636e                _ZN5FT_GCI16FT_Transport_SPIE19ActiveInternalClockEv
 .text._ZN6Screen4InitEv
                0x00000000000066ac      0x72a ./Screen.o
                0x00000000000066ac                _ZN6Screen4InitEv
 .text._ZN9SubsystemD2Ev
                0x0000000000006dd6        0x2 ./Subsystem.o
                0x0000000000006dd6                _ZN9SubsystemD2Ev
                0x0000000000006dd6                _ZN9SubsystemD1Ev
 .text._ZN8delegate11method_stubI9SubsystemXadL_ZNS1_6UpdateEhEEEEvPvh
                0x0000000000006dd8        0xe ./Subsystem.o
                0x0000000000006dd8                _ZN8delegate11method_stubI9SubsystemXadL_ZNS1_6UpdateEhEEEEvPvh
 .text._ZN9Subsystem4InitEv
                0x0000000000006de6       0x12 ./Subsystem.o
                0x0000000000006de6                _ZN9Subsystem4InitEv
 .text._ZN9SubsystemD0Ev
                0x0000000000006df8        0x4 ./Subsystem.o
                0x0000000000006df8                _ZN9SubsystemD0Ev
 .text._ZN16SubsystemControl8MainLoopEv
                0x0000000000006dfc      0x284 ./Subsystem.o
                0x0000000000006dfc                _ZN16SubsystemControl8MainLoopEv
 .text._ZN16SubsystemControl18INT_CALL_TickAllTCEv
                0x0000000000007080      0x3ac ./Subsystem.o
                0x0000000000007080                _ZN16SubsystemControl18INT_CALL_TickAllTCEv
 .text._ZN16SubsystemControl13RegisterEventERK8delegatej
                0x000000000000742c      0x144 ./Subsystem.o
                0x000000000000742c                _ZN16SubsystemControl13RegisterEventERK8delegatej
 .text._ZN16SubsystemControl14InitSubsystemsEv
                0x0000000000007570       0xe0 ./Subsystem.o
                0x0000000000007570                _ZN16SubsystemControl14InitSubsystemsEv
 .text._ZN16SubsystemControl11StaticClassEv
                0x0000000000007650       0x2c ./Subsystem.o
                0x0000000000007650                _ZN16SubsystemControl11StaticClassEv
 .text._ZN9SubsystemC2Eh
                0x000000000000767c      0x2e6 ./Subsystem.o
                0x000000000000767c                _ZN9SubsystemC1Eh
                0x000000000000767c                _ZN9SubsystemC2Eh
 .text.__tcf_0  0x0000000000007962        0x2 ./main.o
 .text.__tcf_1  0x0000000000007964        0x2 ./main.o
 .text.__tcf_2  0x0000000000007966        0x2 ./main.o
 .text.__vector_12
                0x0000000000007968       0x50 ./main.o
                0x0000000000007968                __vector_12
 .text.__vector_25
                0x00000000000079b8       0x8e ./main.o
                0x00000000000079b8                __vector_25
 .text.startup.main
                0x0000000000007a46      0x228 ./main.o
                0x0000000000007a46                main
 .text._ZN14HardwareSerialD2Ev
                0x0000000000007c6e        0x2 /root/share/Code/AVRLibrary/Debug/libAVRLibrary.a(HardwareSerial.o)
                0x0000000000007c6e                _ZN14HardwareSerialD2Ev
                0x0000000000007c6e                _ZN14HardwareSerialD1Ev
 .text._ZN14HardwareSerial4peekEv
                0x0000000000007c70        0x6 /root/share/Code/AVRLibrary/Debug/libAVRLibrary.a(HardwareSerial.o)
                0x0000000000007c70                _ZN14HardwareSerial4peekEv
 .text._ZN14HardwareSerial9availableEv
                0x0000000000007c76       0x30 /root/share/Code/AVRLibrary/Debug/libAVRLibrary.a(HardwareSerial.o)
                0x0000000000007c76                _ZN14HardwareSerial9availableEv
 .text._ZN14HardwareSerial4readEv
                0x0000000000007ca6       0x56 /root/share/Code/AVRLibrary/Debug/libAVRLibrary.a(HardwareSerial.o)
                0x0000000000007ca6                _ZN14HardwareSerial4readEv
 .text._ZN14HardwareSerial5flushEv
                0x0000000000007cfc       0x1c /root/share/Code/AVRLibrary/Debug/libAVRLibrary.a(HardwareSerial.o)
                0x0000000000007cfc                _ZN14HardwareSerial5flushEv
 .text._ZN14HardwareSerial5writeEh
                0x0000000000007d18       0x3a /root/share/Code/AVRLibrary/Debug/libAVRLibrary.a(HardwareSerial.o)
                0x0000000000007d18                _ZN14HardwareSerial5writeEh
 .text._ZN14HardwareSerialD0Ev
                0x0000000000007d52        0x2 /root/share/Code/AVRLibrary/Debug/libAVRLibrary.a(HardwareSerial.o)
                0x0000000000007d52                _ZN14HardwareSerialD0Ev
 .text.__vector_21
                0x0000000000007d54       0x80 /root/share/Code/AVRLibrary/Debug/libAVRLibrary.a(HardwareSerial.o)
                0x0000000000007d54                __vector_21
 .text.__vector_32
                0x0000000000007dd4       0x80 /root/share/Code/AVRLibrary/Debug/libAVRLibrary.a(HardwareSerial.o)
                0x0000000000007dd4                __vector_32
 .text._ZN14HardwareSerial5beginEl
                0x0000000000007e54      0x1c0 /root/share/Code/AVRLibrary/Debug/libAVRLibrary.a(HardwareSerial.o)
                0x0000000000007e54                _ZN14HardwareSerial5beginEl
 .text.startup._GLOBAL__sub_I_rx_buffer
                0x0000000000008014       0xd8 /root/share/Code/AVRLibrary/Debug/libAVRLibrary.a(HardwareSerial.o)
 .text._ZN5Print5writeEPKhj
                0x00000000000080ec       0x58 /root/share/Code/AVRLibrary/Debug/libAVRLibrary.a(Print.o)
                0x00000000000080ec                _ZN5Print5writeEPKhj
 .text._ZN5Print5printEPK19__FlashStringHelper
                0x0000000000008144       0x52 /root/share/Code/AVRLibrary/Debug/libAVRLibrary.a(Print.o)
                0x0000000000008144                _ZN5Print5printEPK19__FlashStringHelper
 .text._ZN5Print5printEPKc
                0x0000000000008196       0x90 /root/share/Code/AVRLibrary/Debug/libAVRLibrary.a(Print.o)
                0x0000000000008196                _ZN5Print5printEPKc
 .text._ZN5Print5printEhi
                0x0000000000008226      0x140 /root/share/Code/AVRLibrary/Debug/libAVRLibrary.a(Print.o)
                0x0000000000008226                _ZN5Print5printEhi
 .text._ZN5Print5printEii
                0x0000000000008366      0x2e6 /root/share/Code/AVRLibrary/Debug/libAVRLibrary.a(Print.o)
                0x0000000000008366                _ZN5Print5printEii
 .text._ZN5Print7printlnEPK19__FlashStringHelper
                0x000000000000864c       0x78 /root/share/Code/AVRLibrary/Debug/libAVRLibrary.a(Print.o)
                0x000000000000864c                _ZN5Print7printlnEPK19__FlashStringHelper
 .text._ZN5Print7printlnEPKc
                0x00000000000086c4       0xb0 /root/share/Code/AVRLibrary/Debug/libAVRLibrary.a(Print.o)
                0x00000000000086c4                _ZN5Print7printlnEPKc
 .text._ZN5Print7printlnEhi
                0x0000000000008774      0x178 /root/share/Code/AVRLibrary/Debug/libAVRLibrary.a(Print.o)
                0x0000000000008774                _ZN5Print7printlnEhi
 .text._ZN5Print7printlnEii
                0x00000000000088ec      0x330 /root/share/Code/AVRLibrary/Debug/libAVRLibrary.a(Print.o)
                0x00000000000088ec                _ZN5Print7printlnEii
 .text._Znwj    0x0000000000008c1c        0x2 /root/share/Code/AVRLibrary/Debug/libAVRLibrary.a(new.o)
                0x0000000000008c1c                _Znwj
 .text._ZdlPv   0x0000000000008c1e        0x2 /root/share/Code/AVRLibrary/Debug/libAVRLibrary.a(new.o)
                0x0000000000008c1e                _ZdlPv
 .text.__cxa_guard_acquire
                0x0000000000008c20       0x12 /root/share/Code/AVRLibrary/Debug/libAVRLibrary.a(new.o)
                0x0000000000008c20                __cxa_guard_acquire
 .text.__cxa_guard_release
                0x0000000000008c32        0x8 /root/share/Code/AVRLibrary/Debug/libAVRLibrary.a(new.o)
                0x0000000000008c32                __cxa_guard_release
 .text.__cxa_pure_virtual
                0x0000000000008c3a        0x2 /root/share/Code/AVRLibrary/Debug/libAVRLibrary.a(new.o)
                0x0000000000008c3a                __cxa_pure_virtual
 .text.__vector_17
                0x0000000000008c3c       0x94 /root/share/Code/AVRLibrary/Debug/libAVRLibrary.a(wiring.o)
                0x0000000000008c3c                __vector_17
 .text.delay    0x0000000000008cd0       0x54 /root/share/Code/AVRLibrary/Debug/libAVRLibrary.a(wiring.o)
                0x0000000000008cd0                delay
 .text.delayMicroseconds
                0x0000000000008d24       0x1a /root/share/Code/AVRLibrary/Debug/libAVRLibrary.a(wiring.o)
                0x0000000000008d24                delayMicroseconds
 .text.init     0x0000000000008d3e       0x46 /root/share/Code/AVRLibrary/Debug/libAVRLibrary.a(wiring.o)
                0x0000000000008d3e                init
 .text.libgcc.div
                0x0000000000008d84       0x44 /usr/lib/gcc/avr/5.4.0/avr51/libgcc.a(_udivmodsi4.o)
                0x0000000000008d84                __udivmodsi4
 .text.libgcc   0x0000000000008dc8       0x12 /usr/lib/gcc/avr/5.4.0/avr51/libgcc.a(_tablejump2.o)
                0x0000000000008dc8                __tablejump2__
 .text.libgcc.mul
                0x0000000000008dda       0x14 /usr/lib/gcc/avr/5.4.0/avr51/libgcc.a(_muluhisi3.o)
                0x0000000000008dda                __muluhisi3
 .text.libgcc.mul
                0x0000000000008dee       0x1e /usr/lib/gcc/avr/5.4.0/avr51/libgcc.a(_umulhisi3.o)
                0x0000000000008dee                __umulhisi3
 .text.avr-libc.fplib
                0x0000000000008e0c        0xa /usr/lib/gcc/avr/5.4.0/../../../avr/lib/avr51/libm.a(addsf3.o)
                0x0000000000008e0c                __subsf3
                0x0000000000008e0e                __addsf3
 .text.avr-libc.fplib
                0x0000000000008e16       0xc0 /usr/lib/gcc/avr/5.4.0/../../../avr/lib/avr51/libm.a(addsf3x.o)
                0x0000000000008e30                __addsf3x
 .text.avr-libc.fplib
                0x0000000000008ed6        0x8 /usr/lib/gcc/avr/5.4.0/../../../avr/lib/avr51/libm.a(cmpsf2.o)
                0x0000000000008ed6                __lesf2
                0x0000000000008ed6                __nesf2
                0x0000000000008ed6                __eqsf2
                0x0000000000008ed6                __cmpsf2
                0x0000000000008ed6                __ltsf2
 .text.avr-libc.fplib
                0x0000000000008ede        0x4 /usr/lib/gcc/avr/5.4.0/../../../avr/lib/avr51/libm.a(divsf3.o)
                0x0000000000008ede                __divsf3
 .text.avr-libc.fplib
                0x0000000000008ee2       0xcc /usr/lib/gcc/avr/5.4.0/../../../avr/lib/avr51/libm.a(divsf3x.o)
                0x0000000000008ef8                __divsf3x
                0x0000000000008efc                __divsf3_pse
 .text.avr-libc.fplib
                0x0000000000008fae       0x58 /usr/lib/gcc/avr/5.4.0/../../../avr/lib/avr51/libm.a(fixunssfsi.o)
                0x0000000000008fae                __fixunssfsi
 .text.avr-libc.fplib
                0x0000000000009006       0x7a /usr/lib/gcc/avr/5.4.0/../../../avr/lib/avr51/libm.a(floatsisf.o)
                0x0000000000009006                __floatunsisf
                0x000000000000900a                __floatsisf
 .text.avr-libc.fplib
                0x0000000000009080       0x48 /usr/lib/gcc/avr/5.4.0/../../../avr/lib/avr51/libm.a(fp_cmp.o)
                0x0000000000009080                __fp_cmp
 .text.avr-libc.fplib
                0x00000000000090c8        0xc /usr/lib/gcc/avr/5.4.0/../../../avr/lib/avr51/libm.a(fp_inf.o)
                0x00000000000090c8                __fp_inf
 .text.avr-libc.fplib
                0x00000000000090d4        0x6 /usr/lib/gcc/avr/5.4.0/../../../avr/lib/avr51/libm.a(fp_nan.o)
                0x00000000000090d4                __fp_nan
 .text.avr-libc.fplib
                0x00000000000090da        0xe /usr/lib/gcc/avr/5.4.0/../../../avr/lib/avr51/libm.a(fp_pscA.o)
                0x00000000000090da                __fp_pscA
 .text.avr-libc.fplib
                0x00000000000090e8        0xe /usr/lib/gcc/avr/5.4.0/../../../avr/lib/avr51/libm.a(fp_pscB.o)
                0x00000000000090e8                __fp_pscB
 .text.avr-libc.fplib
                0x00000000000090f6       0x22 /usr/lib/gcc/avr/5.4.0/../../../avr/lib/avr51/libm.a(fp_round.o)
                0x00000000000090f6                __fp_round
 .text.avr-libc.fplib
                0x0000000000009118       0x44 /usr/lib/gcc/avr/5.4.0/../../../avr/lib/avr51/libm.a(fp_split3.o)
                0x0000000000009118                __fp_split3
                0x0000000000009128                __fp_splitA
 .text.avr-libc.fplib
                0x000000000000915c        0xe /usr/lib/gcc/avr/5.4.0/../../../avr/lib/avr51/libm.a(fp_zero.o)
                0x000000000000915c                __fp_zero
                0x000000000000915e                __fp_szero
 .text.avr-libc.fplib
                0x000000000000916a        0x8 /usr/lib/gcc/avr/5.4.0/../../../avr/lib/avr51/libm.a(gesf2.o)
                0x000000000000916a                __gtsf2
                0x000000000000916a                __gesf2
 .text.avr-libc
                0x0000000000009172      0x242 /usr/lib/gcc/avr/5.4.0/../../../avr/lib/avr51/libc.a(malloc.o)
                0x0000000000009172                malloc
                0x00000000000092a2                free
 .text.avr-libc
                0x00000000000093b4      0x1b0 /usr/lib/gcc/avr/5.4.0/../../../avr/lib/avr51/libc.a(ftoa_engine.o)
                0x00000000000093b4                __ftoa_engine
 .text.avr-libc
                0x0000000000009564       0x1e /usr/lib/gcc/avr/5.4.0/../../../avr/lib/avr51/libc.a(strncpy_P.o)
                0x0000000000009564                strncpy_P
 .text.avr-libc
                0x0000000000009582       0x16 /usr/lib/gcc/avr/5.4.0/../../../avr/lib/avr51/libc.a(strnlen_P.o)
                0x0000000000009582                strnlen_P
 .text.avr-libc
                0x0000000000009598       0x16 /usr/lib/gcc/avr/5.4.0/../../../avr/lib/avr51/libc.a(strnlen.o)
                0x0000000000009598                strnlen
 .text.avr-libc
                0x00000000000095ae       0x78 /usr/lib/gcc/avr/5.4.0/../../../avr/lib/avr51/libc.a(fputc.o)
                0x00000000000095ae                fputc
 .text.avr-libc
                0x0000000000009626       0x72 /usr/lib/gcc/avr/5.4.0/../../../avr/lib/avr51/libc.a(vsnprintf.o)
                0x0000000000009626                vsnprintf
 .text.avr-libc
                0x0000000000009698       0xbc /usr/lib/gcc/avr/5.4.0/../../../avr/lib/avr51/libc.a(ultoa_invert.o)
                0x0000000000009698                __ultoa_invert
                0x0000000000009754                . = ALIGN (0x2)
 *(.fini9)
 .fini9         0x0000000000009754        0x0 /usr/lib/gcc/avr/5.4.0/avr51/libgcc.a(_exit.o)
                0x0000000000009754                exit
                0x0000000000009754                _exit
 *(.fini9)
 *(.fini8)
 .fini8         0x0000000000009754        0x4 /usr/lib/gcc/avr/5.4.0/../../../avr/lib/avr51/libc.a(atexit.o)
 *(.fini8)
 *(.fini7)
 *(.fini7)
 *(.fini6)
 *(.fini6)
 *(.fini5)
 *(.fini5)
 *(.fini4)
 *(.fini4)
 *(.fini3)
 *(.fini3)
 *(.fini2)
 *(.fini2)
 *(.fini1)
 *(.fini1)
 *(.fini0)
 .fini0         0x0000000000009758        0x4 /usr/lib/gcc/avr/5.4.0/avr51/libgcc.a(_exit.o)
 *(.fini0)
                0x000000000000975c                _etext = .

.data           0x0000000000800100      0x248 load address 0x000000000000975c
                0x0000000000800100                PROVIDE (__data_start, .)
 *(.data)
 .data          0x0000000000800100        0x6 /usr/lib/gcc/avr/5.4.0/../../../avr/lib/avr51/libc.a(malloc.o)
                0x0000000000800100                __malloc_heap_end
                0x0000000000800102                __malloc_heap_start
                0x0000000000800104                __malloc_margin
 *(.data*)
 .data._ZZN6Screen21displayStartingScreenEvE12StartupTimer
                0x0000000000800106        0x1 ./Screen.o
 *(.rodata)
 .rodata        0x0000000000800107        0xc ./Screen.o
 *(.rodata*)
 .rodata.str1.1
                0x0000000000800113       0x57 ./DashPages/CC/CCDash.o
 .rodata._ZTV6CCDash
                0x000000000080016a       0x2a ./DashPages/CC/CCDash.o
                0x000000000080016a                _ZTV6CCDash
 .rodata._ZN12CCDashConfigL13DashCANMsgMskE
                0x0000000000800194        0x6 ./DashPages/CC/CCDash.o
 .rodata._ZN12CCDashConfigL13DashCANFrame2E
                0x000000000080019a        0x7 ./DashPages/CC/CCDash.o
 .rodata._ZN12CCDashConfigL13DashCANFrame1E
                0x00000000008001a1        0x7 ./DashPages/CC/CCDash.o
 .rodata._ZN12CCDashConfigL13DashCANFrame0E
                0x00000000008001a8        0x7 ./DashPages/CC/CCDash.o
 .rodata.CSWTCH.4
                0x00000000008001af        0x7 ./DashPages/CC/CCDashStr.o
 .rodata._ZN9CCDashStr21ERROR_MAX_TYPE_LENGTHE
                0x00000000008001b6        0x2 ./DashPages/CC/CCDashStr.o
                0x00000000008001b6                _ZN9CCDashStr21ERROR_MAX_TYPE_LENGTHE
 .rodata._ZN9CCDashStr20ERROR_MAX_MSG_LENGTHE
                0x00000000008001b8        0x2 ./DashPages/CC/CCDashStr.o
                0x00000000008001b8                _ZN9CCDashStr20ERROR_MAX_MSG_LENGTHE
 .rodata.str1.1
                0x00000000008001ba       0x39 ./DashPages/CC/Driving.o
                                         0x3f (size before relaxing)
 .rodata._ZTV7Driving
                0x00000000008001f3        0xc ./DashPages/CC/Driving.o
                0x00000000008001f3                _ZTV7Driving
 .rodata._ZN7Driving8GearTextE
                0x00000000008001ff        0xe ./DashPages/CC/Driving.o
                0x00000000008001ff                _ZN7Driving8GearTextE
 .rodata._ZTV10ADCManager
                0x000000000080020d        0xc ./ADCManager.o
                0x000000000080020d                _ZTV10ADCManager
 .rodata.str1.1
                0x0000000000800219       0x3e ./Input.o
 .rodata._ZTV5Input
                0x0000000000800257       0x18 ./Input.o
                0x0000000000800257                _ZTV5Input
 .rodata._ZN5Input9ACDINPUTSE
                0x000000000080026f        0x3 ./Input.o
                0x000000000080026f                _ZN5Input9ACDINPUTSE
 .rodata._ZN5Input6INPUTSE
                0x0000000000800272        0x6 ./Input.o
                0x0000000000800272                _ZN5Input6INPUTSE
 .rodata.str1.1
                0x0000000000800278       0x4d ./Screen.o
 .rodata._ZTV6Screen
                0x00000000008002c5       0x2a ./Screen.o
                0x00000000008002c5                _ZTV6Screen
 .rodata._ZL15DashInputCANMsg
                0x00000000008002ef        0x7 ./Screen.o
 .rodata.str1.1
                0x00000000008002f6       0x31 ./Subsystem.o
 .rodata._ZTV9Subsystem
                0x0000000000800327        0xc ./Subsystem.o
                0x0000000000800327                _ZTV9Subsystem
 .rodata._ZTV14HardwareSerial
                0x0000000000800333       0x14 /root/share/Code/AVRLibrary/Debug/libAVRLibrary.a(HardwareSerial.o)
                0x0000000000800333                _ZTV14HardwareSerial
 *(.gnu.linkonce.d*)
                0x0000000000800348                . = ALIGN (0x2)
 *fill*         0x0000000000800347        0x1 
                0x0000000000800348                _edata = .
                0x0000000000800348                PROVIDE (__data_end, .)

.bss            0x0000000000800348      0x378
                0x0000000000800348                PROVIDE (__bss_start, .)
 *(.bss)
 .bss           0x0000000000800348        0x2 /usr/lib/gcc/avr/5.4.0/../../../avr/lib/avr51/libc.a(atexit.o)
 *(.bss*)
 .bss._ZN8SPIClass11initializedE
                0x000000000080034a        0x1 ./FTDI _V1/libraries/FT_GC/FT_Transport_SPI/SPI.o
                0x000000000080034a                _ZN8SPIClass11initializedE
 .bss._ZGVZN6CANRaw11StaticClassEvE3CAN
                0x000000000080034b        0x8 ./DashPages/FE/FEDash.o
                0x000000000080034b                _ZGVZN6CANRaw11StaticClassEvE3CAN
 .bss._ZZN6CANRaw11StaticClassEvE3CAN
                0x0000000000800353       0xf1 ./DashPages/FE/FEDash.o
                0x0000000000800353                _ZZN6CANRaw11StaticClassEvE3CAN
 .bss._ZN10ADCManager7channelE
                0x0000000000800444        0x1 ./ADCManager.o
                0x0000000000800444                _ZN10ADCManager7channelE
 .bss._ZN10ADCManager19currentReadCallbackE
                0x0000000000800445        0x2 ./ADCManager.o
                0x0000000000800445                _ZN10ADCManager19currentReadCallbackE
 .bss._ZN16CPFERotarySwitch10analogPinsE
                0x0000000000800447        0xf ./CPFERotarySwitch.o
                0x0000000000800447                _ZN16CPFERotarySwitch10analogPinsE
 .bss._ZGVZN9Subsystem11StaticClassI10ADCManagerEERT_vE4inst
                0x0000000000800456        0x8 ./Input.o
                0x0000000000800456                _ZGVZN9Subsystem11StaticClassI10ADCManagerEERT_vE4inst
 .bss._ZZN9Subsystem11StaticClassI10ADCManagerEERT_vE4inst
                0x000000000080045e        0x4 ./Input.o
                0x000000000080045e                _ZZN9Subsystem11StaticClassI10ADCManagerEERT_vE4inst
 .bss._ZZN6Screen10checkNoCANEvE14CANNoRxCounter
                0x0000000000800462        0x1 ./Screen.o
 .bss._ZGVZN9Subsystem11StaticClassI5InputEERT_vE4inst
                0x0000000000800463        0x8 ./Screen.o
                0x0000000000800463                _ZGVZN9Subsystem11StaticClassI5InputEERT_vE4inst
 .bss._ZZN9Subsystem11StaticClassI5InputEERT_vE4inst
                0x000000000080046b       0x26 ./Screen.o
                0x000000000080046b                _ZZN9Subsystem11StaticClassI5InputEERT_vE4inst
 .bss._ZZN16SubsystemControl11StaticClassEvE2SC
                0x0000000000800491       0x33 ./Subsystem.o
 .bss._ZGVZN16SubsystemControl11StaticClassEvE2SC
                0x00000000008004c4        0x8 ./Subsystem.o
 .bss._ZGVZN9Subsystem11StaticClassI6CCDashEERT_vE4inst
                0x00000000008004cc        0x8 ./main.o
                0x00000000008004cc                _ZGVZN9Subsystem11StaticClassI6CCDashEERT_vE4inst
 .bss._ZZN9Subsystem11StaticClassI6CCDashEERT_vE4inst
                0x00000000008004d4       0x9b ./main.o
                0x00000000008004d4                _ZZN9Subsystem11StaticClassI6CCDashEERT_vE4inst
 .bss.Serial1   0x000000000080056f       0x1d /root/share/Code/AVRLibrary/Debug/libAVRLibrary.a(HardwareSerial.o)
                0x000000000080056f                Serial1
 .bss.Serial    0x000000000080058c       0x1d /root/share/Code/AVRLibrary/Debug/libAVRLibrary.a(HardwareSerial.o)
                0x000000000080058c                Serial
 .bss.rx_buffer1
                0x00000000008005a9       0x84 /root/share/Code/AVRLibrary/Debug/libAVRLibrary.a(HardwareSerial.o)
                0x00000000008005a9                rx_buffer1
 .bss.rx_buffer
                0x000000000080062d       0x84 /root/share/Code/AVRLibrary/Debug/libAVRLibrary.a(HardwareSerial.o)
                0x000000000080062d                rx_buffer
 .bss.timer0_fract
                0x00000000008006b1        0x1 /root/share/Code/AVRLibrary/Debug/libAVRLibrary.a(wiring.o)
 .bss.timer0_millis
                0x00000000008006b2        0x4 /root/share/Code/AVRLibrary/Debug/libAVRLibrary.a(wiring.o)
                0x00000000008006b2                timer0_millis
 .bss.timer0_overflow_count
                0x00000000008006b6        0x4 /root/share/Code/AVRLibrary/Debug/libAVRLibrary.a(wiring.o)
                0x00000000008006b6                timer0_overflow_count
 .bss._ZN13CPFEAVRAnalog17currentConversionE
                0x00000000008006ba        0x2 /root/share/Code/AVRLibrary/Debug/libAVRLibrary.a(CPFEAVRAnalog.o)
                0x00000000008006ba                _ZN13CPFEAVRAnalog17currentConversionE
 *(COMMON)
 COMMON         0x00000000008006bc        0x4 /usr/lib/gcc/avr/5.4.0/../../../avr/lib/avr51/libc.a(malloc.o)
                0x00000000008006bc                __brkval
                0x00000000008006be                __flp
                0x00000000008006c0                PROVIDE (__bss_end, .)
                0x000000000000975c                __data_load_start = LOADADDR (.data)
                0x00000000000099a4                __data_load_end = (__data_load_start + SIZEOF (.data))

.noinit         0x00000000008006c0        0x0
                [!provide]                        PROVIDE (__noinit_start, .)
 *(.noinit*)
                [!provide]                        PROVIDE (__noinit_end, .)
                0x00000000008006c0                _end = .
                0x00000000008006c0                PROVIDE (__heap_start, .)

.eeprom         0x0000000000810000        0x0
 *(.eeprom*)
                0x0000000000810000                __eeprom_end = .

.fuse
 *(.fuse)
 *(.lfuse)
 *(.hfuse)
 *(.efuse)

.lock
 *(.lock*)

.signature
 *(.signature*)

.user_signatures
 *(.user_signatures*)

.stab           0x0000000000000000     0x4194
 *(.stab)
 .stab          0x0000000000000000      0xc9c /root/share/Code/AVRLibrary/Debug/libAVRLibrary.a(HardwareSerial.o)
                                        0xea0 (size before relaxing)
 .stab          0x0000000000000c9c     0x2178 /root/share/Code/AVRLibrary/Debug/libAVRLibrary.a(Print.o)
                                       0x4bc0 (size before relaxing)
 .stab          0x0000000000002e14      0x468 /root/share/Code/AVRLibrary/Debug/libAVRLibrary.a(new.o)
                                        0x48c (size before relaxing)
 .stab          0x000000000000327c      0x870 /root/share/Code/AVRLibrary/Debug/libAVRLibrary.a(wiring.o)
                                        0x9cc (size before relaxing)
 .stab          0x0000000000003aec      0x6a8 /root/share/Code/AVRLibrary/Debug/libAVRLibrary.a(CPFEAVRAnalog.o)
                                        0x6b4 (size before relaxing)

.stabstr        0x0000000000000000     0x471b
 *(.stabstr)
 .stabstr       0x0000000000000000     0x471b /root/share/Code/AVRLibrary/Debug/libAVRLibrary.a(HardwareSerial.o)

.stab.excl
 *(.stab.excl)

.stab.exclstr
 *(.stab.exclstr)

.stab.index
 *(.stab.index)

.stab.indexstr
 *(.stab.indexstr)

.comment        0x0000000000000000       0x11
 *(.comment)
 .comment       0x0000000000000000       0x11 /usr/lib/gcc/avr/5.4.0/../../../avr/lib/avr51/libprintf_flt.a(vfprintf_flt.o)
                                         0x12 (size before relaxing)
 .comment       0x0000000000000011       0x12 ./FTDI _V1/libraries/FT_GC/FT_Transport_SPI/SPI.o
 .comment       0x0000000000000011       0x12 ./DashPages/FE/Charging.o
 .comment       0x0000000000000011       0x12 ./DashPages/FE/FEDash.o
 .comment       0x0000000000000011       0x12 ./DashPages/CC/CCDash.o
 .comment       0x0000000000000011       0x12 ./DashPages/CC/CCDashStr.o
 .comment       0x0000000000000011       0x12 ./DashPages/CC/Driving.o
 .comment       0x0000000000000011       0x12 ./ADCManager.o
 .comment       0x0000000000000011       0x12 ./CANLib.o
 .comment       0x0000000000000011       0x12 ./CPFERotarySwitch.o
 .comment       0x0000000000000011       0x12 ./Input.o
 .comment       0x0000000000000011       0x12 ./Screen.o
 .comment       0x0000000000000011       0x12 ./Subsystem.o
 .comment       0x0000000000000011       0x12 ./main.o
 .comment       0x0000000000000011       0x12 /root/share/Code/AVRLibrary/Debug/libAVRLibrary.a(HardwareSerial.o)
 .comment       0x0000000000000011       0x12 /root/share/Code/AVRLibrary/Debug/libAVRLibrary.a(Print.o)
 .comment       0x0000000000000011       0x12 /root/share/Code/AVRLibrary/Debug/libAVRLibrary.a(new.o)
 .comment       0x0000000000000011       0x12 /root/share/Code/AVRLibrary/Debug/libAVRLibrary.a(wiring.o)
 .comment       0x0000000000000011       0x12 /root/share/Code/AVRLibrary/Debug/libAVRLibrary.a(CPFEAVRAnalog.o)
 .comment       0x0000000000000011       0x12 /usr/lib/gcc/avr/5.4.0/../../../avr/lib/avr51/libc.a(atexit.o)
 .comment       0x0000000000000011       0x12 /usr/lib/gcc/avr/5.4.0/../../../avr/lib/avr51/libc.a(malloc.o)
 .comment       0x0000000000000011       0x12 /usr/lib/gcc/avr/5.4.0/../../../avr/lib/avr51/libc.a(fputc.o)
 .comment       0x0000000000000011       0x12 /usr/lib/gcc/avr/5.4.0/../../../avr/lib/avr51/libc.a(vsnprintf.o)

.note.gnu.avr.deviceinfo
                0x0000000000000000       0x40
 .note.gnu.avr.deviceinfo
                0x0000000000000000       0x40 /usr/lib/gcc/avr/5.4.0/../../../avr/lib/avr51/crtat90can128.o

.note.gnu.build-id
 *(.note.gnu.build-id)

.debug
 *(.debug)

.line
 *(.line)

.debug_srcinfo
 *(.debug_srcinfo)

.debug_sfnames
 *(.debug_sfnames)

.debug_aranges
 *(.debug_aranges)

.debug_pubnames
 *(.debug_pubnames)

.debug_info     0x0000000000000000      0xa2d
 *(.debug_info .gnu.linkonce.wi.*)
 .debug_info    0x0000000000000000      0xa2d /usr/lib/gcc/avr/5.4.0/../../../avr/lib/avr51/crtat90can128.o

.debug_abbrev   0x0000000000000000      0x9a0
 *(.debug_abbrev)
 .debug_abbrev  0x0000000000000000      0x9a0 /usr/lib/gcc/avr/5.4.0/../../../avr/lib/avr51/crtat90can128.o

.debug_line     0x0000000000000000       0x1a
 *(.debug_line .debug_line.* .debug_line_end)
 .debug_line    0x0000000000000000       0x1a /usr/lib/gcc/avr/5.4.0/../../../avr/lib/avr51/crtat90can128.o

.debug_frame
 *(.debug_frame)

.debug_str      0x0000000000000000      0x39f
 *(.debug_str)
 .debug_str     0x0000000000000000      0x39f /usr/lib/gcc/avr/5.4.0/../../../avr/lib/avr51/crtat90can128.o

.debug_loc
 *(.debug_loc)

.debug_macinfo
 *(.debug_macinfo)

.debug_weaknames
 *(.debug_weaknames)

.debug_funcnames
 *(.debug_funcnames)

.debug_typenames
 *(.debug_typenames)

.debug_varnames
 *(.debug_varnames)

.debug_pubtypes
 *(.debug_pubtypes)

.debug_ranges
 *(.debug_ranges)

.debug_macro
 *(.debug_macro)
OUTPUT(FE2015Dashboard.elf elf32-avr)
LOAD linker stubs

Cross Reference Table

Symbol                                            File
SPI                                               ./FTDI _V1/libraries/FT_GC/FT_Transport_SPI/SPI.o
Serial                                            /root/share/Code/AVRLibrary/Debug/libAVRLibrary.a(HardwareSerial.o)
                                                  ./main.o
                                                  ./Subsystem.o
                                                  ./Screen.o
                                                  ./Input.o
                                                  ./DashPages/CC/CCDash.o
                                                  ./DashPages/FE/FEDash.o
                                                  ./SerialPrint/Debug.o
Serial1                                           /root/share/Code/AVRLibrary/Debug/libAVRLibrary.a(HardwareSerial.o)
_Z25rotarySwitchResultHandlerjPv                  ./CPFERotarySwitch.o
_ZGVZN6CANRaw11StaticClassEvE3CAN                 ./DashPages/FE/FEDash.o
                                                  ./main.o
                                                  ./Screen.o
                                                  ./CANLib.o
                                                  ./DashPages/CC/CCDash.o
_ZGVZN9Subsystem11StaticClassI10ADCManagerEERT_vE4inst ./Input.o
                                                  ./main.o
_ZGVZN9Subsystem11StaticClassI5InputEERT_vE4inst  ./Screen.o
                                                  ./main.o
_ZGVZN9Subsystem11StaticClassI6CCDashEERT_vE4inst ./main.o
_ZN10ADCManager12ADCAvailableEv                   ./ADCManager.o
                                                  ./Input.o
_ZN10ADCManager15INT_ADCFinishedEv                ./ADCManager.o
                                                  ./main.o
_ZN10ADCManager19currentReadCallbackE             ./ADCManager.o
_ZN10ADCManager4InitEv                            ./ADCManager.o
_ZN10ADCManager7channelE                          ./ADCManager.o
_ZN10ADCManager9StartReadEP27ADCManagerCallbackInterfaceh ./ADCManager.o
                                                  ./Input.o
_ZN10ADCManagerD0Ev                               ./ADCManager.o
_ZN10ADCManagerD1Ev                               ./ADCManager.o
_ZN10ADCManagerD2Ev                               ./ADCManager.o
_ZN11CANListener17INT_Call_GotFrameERKN6CANRaw16CAN_FRAME_HEADERERKNS0_8CAN_DATAE ./DashPages/FE/FEDash.o
                                                  ./main.o
                                                  ./Screen.o
                                                  ./CANLib.o
                                                  ./DashPages/CC/CCDash.o
_ZN11CANListener18INT_Call_SentFrameERKN6CANRaw16CAN_FRAME_HEADERE ./DashPages/FE/FEDash.o
                                                  ./main.o
                                                  ./Screen.o
                                                  ./CANLib.o
                                                  ./DashPages/CC/CCDash.o
_ZN11CANListenerD0Ev                              ./DashPages/FE/FEDash.o
                                                  ./main.o
                                                  ./Screen.o
                                                  ./DashPages/CC/CCDash.o
_ZN11CANListenerD1Ev                              ./DashPages/FE/FEDash.o
                                                  ./main.o
                                                  ./Screen.o
                                                  ./DashPages/CC/CCDash.o
_ZN11CANListenerD2Ev                              ./DashPages/FE/FEDash.o
                                                  ./main.o
                                                  ./Screen.o
                                                  ./DashPages/CC/CCDash.o
_ZN13CPFEAVRAnalog17currentConversionE            /root/share/Code/AVRLibrary/Debug/libAVRLibrary.a(CPFEAVRAnalog.o)
                                                  ./CPFERotarySwitch.o
_ZN14HardwareSerial4peekEv                        /root/share/Code/AVRLibrary/Debug/libAVRLibrary.a(HardwareSerial.o)
_ZN14HardwareSerial4readEv                        /root/share/Code/AVRLibrary/Debug/libAVRLibrary.a(HardwareSerial.o)
_ZN14HardwareSerial5beginEl                       /root/share/Code/AVRLibrary/Debug/libAVRLibrary.a(HardwareSerial.o)
                                                  ./main.o
_ZN14HardwareSerial5flushEv                       /root/share/Code/AVRLibrary/Debug/libAVRLibrary.a(HardwareSerial.o)
_ZN14HardwareSerial5writeEh                       /root/share/Code/AVRLibrary/Debug/libAVRLibrary.a(HardwareSerial.o)
_ZN14HardwareSerial9availableEv                   /root/share/Code/AVRLibrary/Debug/libAVRLibrary.a(HardwareSerial.o)
_ZN14HardwareSerialC1EP11ring_bufferPVhS3_S3_S3_S3_hhhhh /root/share/Code/AVRLibrary/Debug/libAVRLibrary.a(HardwareSerial.o)
_ZN14HardwareSerialC2EP11ring_bufferPVhS3_S3_S3_S3_hhhhh /root/share/Code/AVRLibrary/Debug/libAVRLibrary.a(HardwareSerial.o)
_ZN14HardwareSerialD0Ev                           /root/share/Code/AVRLibrary/Debug/libAVRLibrary.a(HardwareSerial.o)
_ZN14HardwareSerialD1Ev                           /root/share/Code/AVRLibrary/Debug/libAVRLibrary.a(HardwareSerial.o)
_ZN14HardwareSerialD2Ev                           /root/share/Code/AVRLibrary/Debug/libAVRLibrary.a(HardwareSerial.o)
_ZN15ErrorConditions10CycleErrorEv                ./DashPages/CC/ErrorConditions.o
_ZN15ErrorConditions15GetCurrentErrorEv           ./DashPages/CC/ErrorConditions.o
_ZN15ErrorConditions16GetPriorityErrorEv          ./DashPages/CC/ErrorConditions.o
_ZN15ErrorConditions7RefreshEh                    ./DashPages/CC/ErrorConditions.o
_ZN15ErrorConditions8SetErrorE5Error              ./DashPages/CC/ErrorConditions.o
_ZN15ErrorConditionsC1ERKN12CCDashConfig13ConvertedInfoE ./DashPages/CC/ErrorConditions.o
_ZN15ErrorConditionsC2ERKN12CCDashConfig13ConvertedInfoE ./DashPages/CC/ErrorConditions.o
_ZN16CPFERotarySwitch10analogPinsE                ./CPFERotarySwitch.o
_ZN16CPFERotarySwitch13positionCountE             ./CPFERotarySwitch.o
_ZN16CPFERotarySwitch26currentRotaryADCConversionE ./CPFERotarySwitch.o
_ZN16CPFERotarySwitch9positionsE                  ./CPFERotarySwitch.o
_ZN16SubsystemControl11StaticClassEv              ./Subsystem.o
                                                  ./main.o
                                                  ./Screen.o
                                                  ./DashPages/CC/ErrorConditions.o
_ZN16SubsystemControl13RegisterEventERK8delegatej ./Subsystem.o
                                                  ./Screen.o
                                                  ./DashPages/CC/ErrorConditions.o
_ZN16SubsystemControl13getNextFreeTCEv            ./Subsystem.o
_ZN16SubsystemControl14InitSubsystemsEv           ./Subsystem.o
                                                  ./main.o
_ZN16SubsystemControl17RegisterSubsystemER17AbstractSubsystem ./Subsystem.o
_ZN16SubsystemControl18INT_CALL_TickAllTCEv       ./Subsystem.o
                                                  ./main.o
_ZN16SubsystemControl8MainLoopEv                  ./Subsystem.o
                                                  ./main.o
_ZN16SubsystemControlC1Ev                         ./Subsystem.o
_ZN16SubsystemControlC2Ev                         ./Subsystem.o
_ZN5Debug10LogMessageEPK19__FlashStringHelper     ./SerialPrint/Debug.o
_ZN5Debug10LogMessageER11SerialError              ./SerialPrint/Debug.o
_ZN5Debug10LogMessageEh                           ./SerialPrint/Debug.o
_ZN5Debug12LogMessagelnEPK19__FlashStringHelper   ./SerialPrint/Debug.o
_ZN5Debug12LogMessagelnER11SerialError            ./SerialPrint/Debug.o
_ZN5Debug12LogMessagelnEh                         ./SerialPrint/Debug.o
_ZN5Debug15LogDebugMessageEPK19__FlashStringHelperS2_S2_ ./SerialPrint/Debug.o
_ZN5Error15NUM_ERROR_TYPESE                       ./DashPages/CC/Error.o
_ZN5FT_GCI16FT_Transport_SPIE11TransferCmdEPhm    ./DashPages/FE/Charging.o
                                                  ./Screen.o
                                                  ./DashPages/CC/Driving.o
_ZN5FT_GCI16FT_Transport_SPIE19ActiveInternalClockEv ./Screen.o
_ZN5FT_GCI16FT_Transport_SPIE20TransferCmdfromflashEPKhm ./DashPages/CC/CCDash.o
                                                  ./Screen.o
_ZN5FT_GCI16FT_Transport_SPIE6FinishEv            ./DashPages/CC/CCDash.o
                                                  ./Screen.o
_ZN5FT_GCI16FT_Transport_SPIE8Cmd_TextEiihjPKc    ./DashPages/CC/Driving.o
                                                  ./Screen.o
_ZN5FT_GCI16FT_Transport_SPIE8WriteCmdEm          ./DashPages/FE/Charging.o
                                                  ./Screen.o
                                                  ./DashPages/CC/Driving.o
                                                  ./DashPages/CC/CCDash.o
_ZN5FT_GCI16FT_Transport_SPIE9PrintTextEiihjPKcz  ./DashPages/FE/Charging.o
                                                  ./Screen.o
                                                  ./DashPages/CC/Driving.o
_ZN5Input11INPUTS_SIZEE                           ./Input.o
_ZN5Input14ADCINPUTS_SIZEE                        ./Input.o
_ZN5Input15ROTARYPOSITIONSE                       ./Input.o
_ZN5Input17getIndexOfChannelEh                    ./Input.o
_ZN5Input18BindOnChangeButtonERK8delegateNS_6BUTTONE ./Input.o
                                                  ./Screen.o
_ZN5Input18BindOnChangeRotaryERK8delegateNS_6ROTARYE ./Input.o
                                                  ./Screen.o
_ZN5Input21INT_Call_ADC_FinishedERKjh             ./Input.o
_ZN5Input21positionFromADCResultERVj              ./Input.o
_ZN5Input4InitEv                                  ./Input.o
_ZN5Input6INPUTSE                                 ./Input.o
_ZN5Input6UpdateEh                                ./Input.o
_ZN5Input7BUTTON0E                                ./Input.o
_ZN5Input7BUTTON1E                                ./Input.o
_ZN5Input8ROT0_ADCE                               ./Input.o
_ZN5Input8ROT1_ADCE                               ./Input.o
_ZN5Input8ROT2_ADCE                               ./Input.o
_ZN5Input9ACDINPUTSE                              ./Input.o
_ZN5InputD0Ev                                     ./Input.o
_ZN5InputD1Ev                                     ./Input.o
_ZN5InputD2Ev                                     ./Input.o
_ZN5Print10printFloatEdh                          /root/share/Code/AVRLibrary/Debug/libAVRLibrary.a(Print.o)
_ZN5Print11printNumberEmh                         /root/share/Code/AVRLibrary/Debug/libAVRLibrary.a(Print.o)
_ZN5Print5printEPK19__FlashStringHelper           /root/share/Code/AVRLibrary/Debug/libAVRLibrary.a(Print.o)
                                                  ./main.o
                                                  ./Subsystem.o
                                                  ./Screen.o
                                                  ./Input.o
                                                  ./SerialPrint/Debug.o
_ZN5Print5printEPKc                               /root/share/Code/AVRLibrary/Debug/libAVRLibrary.a(Print.o)
                                                  ./Subsystem.o
                                                  ./Screen.o
                                                  ./Input.o
_ZN5Print5printERK6String                         /root/share/Code/AVRLibrary/Debug/libAVRLibrary.a(Print.o)
_ZN5Print5printERK9Printable                      /root/share/Code/AVRLibrary/Debug/libAVRLibrary.a(Print.o)
_ZN5Print5printEc                                 /root/share/Code/AVRLibrary/Debug/libAVRLibrary.a(Print.o)
_ZN5Print5printEdi                                /root/share/Code/AVRLibrary/Debug/libAVRLibrary.a(Print.o)
_ZN5Print5printEhi                                /root/share/Code/AVRLibrary/Debug/libAVRLibrary.a(Print.o)
                                                  ./Input.o
_ZN5Print5printEii                                /root/share/Code/AVRLibrary/Debug/libAVRLibrary.a(Print.o)
                                                  ./Subsystem.o
                                                  ./Screen.o
                                                  ./Input.o
_ZN5Print5printEji                                /root/share/Code/AVRLibrary/Debug/libAVRLibrary.a(Print.o)
_ZN5Print5printEli                                /root/share/Code/AVRLibrary/Debug/libAVRLibrary.a(Print.o)
_ZN5Print5printEmi                                /root/share/Code/AVRLibrary/Debug/libAVRLibrary.a(Print.o)
_ZN5Print5writeEPKhj                              /root/share/Code/AVRLibrary/Debug/libAVRLibrary.a(Print.o)
                                                  /root/share/Code/AVRLibrary/Debug/libAVRLibrary.a(HardwareSerial.o)
_ZN5Print6printfEPKcz                             /root/share/Code/AVRLibrary/Debug/libAVRLibrary.a(Print.o)
_ZN5Print7printlnEPK19__FlashStringHelper         /root/share/Code/AVRLibrary/Debug/libAVRLibrary.a(Print.o)
                                                  ./main.o
                                                  ./Subsystem.o
                                                  ./Input.o
                                                  ./DashPages/CC/CCDash.o
                                                  ./DashPages/FE/FEDash.o
                                                  ./SerialPrint/Debug.o
_ZN5Print7printlnEPKc                             /root/share/Code/AVRLibrary/Debug/libAVRLibrary.a(Print.o)
                                                  ./Subsystem.o
                                                  ./Input.o
                                                  ./DashPages/CC/CCDash.o
_ZN5Print7printlnERK6String                       /root/share/Code/AVRLibrary/Debug/libAVRLibrary.a(Print.o)
_ZN5Print7printlnERK9Printable                    /root/share/Code/AVRLibrary/Debug/libAVRLibrary.a(Print.o)
_ZN5Print7printlnEc                               /root/share/Code/AVRLibrary/Debug/libAVRLibrary.a(Print.o)
_ZN5Print7printlnEdi                              /root/share/Code/AVRLibrary/Debug/libAVRLibrary.a(Print.o)
_ZN5Print7printlnEhi                              /root/share/Code/AVRLibrary/Debug/libAVRLibrary.a(Print.o)
                                                  ./Input.o
                                                  ./DashPages/CC/CCDash.o
                                                  ./SerialPrint/Debug.o
_ZN5Print7printlnEii                              /root/share/Code/AVRLibrary/Debug/libAVRLibrary.a(Print.o)
                                                  ./main.o
                                                  ./Input.o
_ZN5Print7printlnEji                              /root/share/Code/AVRLibrary/Debug/libAVRLibrary.a(Print.o)
_ZN5Print7printlnEli                              /root/share/Code/AVRLibrary/Debug/libAVRLibrary.a(Print.o)
_ZN5Print7printlnEmi                              /root/share/Code/AVRLibrary/Debug/libAVRLibrary.a(Print.o)
_ZN5Print7printlnEv                               /root/share/Code/AVRLibrary/Debug/libAVRLibrary.a(Print.o)
_ZN6CANRaw11INTS_TxDataERKNS_8CAN_DATAENS_7CAN_MOBE ./CANLib.o
                                                  ./Screen.o
_ZN6CANRaw12BindListenerEP11CANListenerNS_7CAN_MOBEb ./CANLib.o
                                                  ./DashPages/CC/CCDash.o
                                                  ./DashPages/FE/FEDash.o
_ZN6CANRaw13ForceResetMobENS_7CAN_MOBE            ./CANLib.o
_ZN6CANRaw14GetNextFreeMobEv                      ./CANLib.o
                                                  ./Screen.o
                                                  ./DashPages/CC/CCDash.o
                                                  ./DashPages/FE/FEDash.o
_ZN6CANRaw17GetNextFreeHandleEv                   ./CANLib.o
_ZN6CANRaw4InitENS_12CAN_BAUDRATEE                ./CANLib.o
                                                  ./main.o
_ZN6CANRaw8ConfigRxERKNS_16CAN_FRAME_HEADERERKNS_14CAN_FRAME_MASKENS_7CAN_MOBE ./CANLib.o
                                                  ./DashPages/CC/CCDash.o
                                                  ./DashPages/FE/FEDash.o
_ZN6CANRaw8ConfigTxERKNS_16CAN_FRAME_HEADERENS_7CAN_MOBE ./CANLib.o
                                                  ./Screen.o
_ZN6CANRaw9INT_CANITEv                            ./CANLib.o
_ZN6CCDash11AddNextPageEP8DashPage                ./DashPages/CC/CCDash.o
_ZN6CCDash11OnNoCANDataEv                         ./DashPages/CC/CCDash.o
_ZN6CCDash11RunningDrawEv                         ./DashPages/CC/CCDash.o
_ZN6CCDash15DrawInvalidPageEv                     ./DashPages/CC/CCDash.o
_ZN6CCDash17INT_Call_GotFrameERKN6CANRaw16CAN_FRAME_HEADERERKNS0_8CAN_DATAE ./DashPages/CC/CCDash.o
_ZN6CCDash20OnButtonInputChange0Eh                ./DashPages/CC/CCDash.o
_ZN6CCDash20OnButtonInputChange1Eh                ./DashPages/CC/CCDash.o
_ZN6CCDash20OnRotaryInputChange0Eh                ./DashPages/CC/CCDash.o
_ZN6CCDash20OnRotaryInputChange1Eh                ./DashPages/CC/CCDash.o
_ZN6CCDash20OnRotaryInputChange2Eh                ./DashPages/CC/CCDash.o
_ZN6CCDash22uploadFontToControllerEv              ./DashPages/CC/CCDash.o
_ZN6CCDash4InitEv                                 ./DashPages/CC/CCDash.o
_ZN6CCDash6MSFontE                                ./DashPages/CC/CCDash.o
_ZN6CCDash6UpdateEh                               ./DashPages/CC/CCDash.o
_ZN6CCDash9OnCANDataEv                            ./DashPages/CC/CCDash.o
_ZN6CCDashC1Ev                                    ./DashPages/CC/CCDash.o
                                                  ./main.o
_ZN6CCDashC2Ev                                    ./DashPages/CC/CCDash.o
_ZN6CCDashD0Ev                                    ./DashPages/CC/CCDash.o
_ZN6CCDashD1Ev                                    ./DashPages/CC/CCDash.o
_ZN6CCDashD2Ev                                    ./DashPages/CC/CCDash.o
_ZN6FEDash11AddNextPageEP8DashPage                ./DashPages/FE/FEDash.o
_ZN6FEDash11OnNoCANDataEv                         ./DashPages/FE/FEDash.o
_ZN6FEDash11RunningDrawEv                         ./DashPages/FE/FEDash.o
_ZN6FEDash17INT_Call_GotFrameERKN6CANRaw16CAN_FRAME_HEADERERKNS0_8CAN_DATAE ./DashPages/FE/FEDash.o
_ZN6FEDash20OnButtonInputChange0Eh                ./DashPages/FE/FEDash.o
_ZN6FEDash20OnButtonInputChange1Eh                ./DashPages/FE/FEDash.o
_ZN6FEDash20OnRotaryInputChange0Eh                ./DashPages/FE/FEDash.o
_ZN6FEDash20OnRotaryInputChange1Eh                ./DashPages/FE/FEDash.o
_ZN6FEDash20OnRotaryInputChange2Eh                ./DashPages/FE/FEDash.o
_ZN6FEDash4InitEv                                 ./DashPages/FE/FEDash.o
_ZN6FEDash6UpdateEh                               ./DashPages/FE/FEDash.o
_ZN6FEDashC1Ev                                    ./DashPages/FE/FEDash.o
_ZN6FEDashC2Ev                                    ./DashPages/FE/FEDash.o
_ZN6FEDashD0Ev                                    ./DashPages/FE/FEDash.o
_ZN6FEDashD1Ev                                    ./DashPages/FE/FEDash.o
_ZN6FEDashD2Ev                                    ./DashPages/FE/FEDash.o
_ZN6Screen10checkNoCANEv                          ./Screen.o
_ZN6Screen11OnNoCANDataEv                         ./Screen.o
_ZN6Screen12CPRacingLogoE                         ./Screen.o
_ZN6Screen17ForceStateRunningEv                   ./Screen.o
                                                  ./DashPages/CC/CCDash.o
_ZN6Screen17INT_Call_GotFrameERKN6CANRaw16CAN_FRAME_HEADERERKNS0_8CAN_DATAE ./Screen.o
                                                  ./DashPages/CC/CCDash.o
                                                  ./DashPages/FE/FEDash.o
_ZN6Screen19SendSwitchPositionsEh                 ./Screen.o
_ZN6Screen19displayStateActionsEv                 ./Screen.o
_ZN6Screen20OnButtonInputChange0Eh                ./Screen.o
_ZN6Screen20OnButtonInputChange1Eh                ./Screen.o
_ZN6Screen20OnRotaryInputChange0Eh                ./Screen.o
_ZN6Screen20OnRotaryInputChange1Eh                ./Screen.o
_ZN6Screen20OnRotaryInputChange2Eh                ./Screen.o
_ZN6Screen20displayWaitingScreenEv                ./Screen.o
_ZN6Screen21displayStartingScreenEv               ./Screen.o
_ZN6Screen22uploadLogoToControllerEv              ./Screen.o
_ZN6Screen4InitEv                                 ./Screen.o
                                                  ./DashPages/CC/CCDash.o
                                                  ./DashPages/FE/FEDash.o
_ZN6Screen6UpdateEh                               ./Screen.o
                                                  ./DashPages/CC/CCDash.o
                                                  ./DashPages/FE/FEDash.o
_ZN6Screen9OnCANDataEv                            ./DashPages/FE/FEDash.o
                                                  ./Screen.o
_ZN6ScreenC1Ev                                    ./Screen.o
_ZN6ScreenC2Ev                                    ./Screen.o
                                                  ./DashPages/CC/CCDash.o
                                                  ./DashPages/FE/FEDash.o
_ZN6String10invalidateEv                          /root/share/Code/AVRLibrary/Debug/libAVRLibrary.a(WString.o)
_ZN6String11toLowerCaseEv                         /root/share/Code/AVRLibrary/Debug/libAVRLibrary.a(WString.o)
_ZN6String11toUpperCaseEv                         /root/share/Code/AVRLibrary/Debug/libAVRLibrary.a(WString.o)
_ZN6String12changeBufferEj                        /root/share/Code/AVRLibrary/Debug/libAVRLibrary.a(WString.o)
_ZN6String4copyEPKcj                              /root/share/Code/AVRLibrary/Debug/libAVRLibrary.a(WString.o)
_ZN6String4moveERS_                               /root/share/Code/AVRLibrary/Debug/libAVRLibrary.a(WString.o)
_ZN6String4trimEv                                 /root/share/Code/AVRLibrary/Debug/libAVRLibrary.a(WString.o)
_ZN6String6concatEPKc                             /root/share/Code/AVRLibrary/Debug/libAVRLibrary.a(WString.o)
_ZN6String6concatEPKcj                            /root/share/Code/AVRLibrary/Debug/libAVRLibrary.a(WString.o)
_ZN6String6concatERKS_                            /root/share/Code/AVRLibrary/Debug/libAVRLibrary.a(WString.o)
_ZN6String6concatEc                               /root/share/Code/AVRLibrary/Debug/libAVRLibrary.a(WString.o)
_ZN6String6concatEh                               /root/share/Code/AVRLibrary/Debug/libAVRLibrary.a(WString.o)
_ZN6String6concatEi                               /root/share/Code/AVRLibrary/Debug/libAVRLibrary.a(WString.o)
_ZN6String6concatEj                               /root/share/Code/AVRLibrary/Debug/libAVRLibrary.a(WString.o)
_ZN6String6concatEl                               /root/share/Code/AVRLibrary/Debug/libAVRLibrary.a(WString.o)
_ZN6String6concatEm                               /root/share/Code/AVRLibrary/Debug/libAVRLibrary.a(WString.o)
_ZN6String7replaceERKS_S1_                        /root/share/Code/AVRLibrary/Debug/libAVRLibrary.a(WString.o)
_ZN6String7replaceEcc                             /root/share/Code/AVRLibrary/Debug/libAVRLibrary.a(WString.o)
_ZN6String7reserveEj                              /root/share/Code/AVRLibrary/Debug/libAVRLibrary.a(WString.o)
_ZN6String9setCharAtEjc                           /root/share/Code/AVRLibrary/Debug/libAVRLibrary.a(WString.o)
_ZN6StringC1EO15StringSumHelper                   /root/share/Code/AVRLibrary/Debug/libAVRLibrary.a(WString.o)
_ZN6StringC1EOS_                                  /root/share/Code/AVRLibrary/Debug/libAVRLibrary.a(WString.o)
_ZN6StringC1EPKc                                  /root/share/Code/AVRLibrary/Debug/libAVRLibrary.a(WString.o)
_ZN6StringC1ERKS_                                 /root/share/Code/AVRLibrary/Debug/libAVRLibrary.a(WString.o)
_ZN6StringC1Ec                                    /root/share/Code/AVRLibrary/Debug/libAVRLibrary.a(WString.o)
_ZN6StringC1Ehh                                   /root/share/Code/AVRLibrary/Debug/libAVRLibrary.a(WString.o)
_ZN6StringC1Eih                                   /root/share/Code/AVRLibrary/Debug/libAVRLibrary.a(WString.o)
_ZN6StringC1Ejh                                   /root/share/Code/AVRLibrary/Debug/libAVRLibrary.a(WString.o)
_ZN6StringC1Elh                                   /root/share/Code/AVRLibrary/Debug/libAVRLibrary.a(WString.o)
_ZN6StringC1Emh                                   /root/share/Code/AVRLibrary/Debug/libAVRLibrary.a(WString.o)
_ZN6StringC2EO15StringSumHelper                   /root/share/Code/AVRLibrary/Debug/libAVRLibrary.a(WString.o)
_ZN6StringC2EOS_                                  /root/share/Code/AVRLibrary/Debug/libAVRLibrary.a(WString.o)
_ZN6StringC2EPKc                                  /root/share/Code/AVRLibrary/Debug/libAVRLibrary.a(WString.o)
_ZN6StringC2ERKS_                                 /root/share/Code/AVRLibrary/Debug/libAVRLibrary.a(WString.o)
_ZN6StringC2Ec                                    /root/share/Code/AVRLibrary/Debug/libAVRLibrary.a(WString.o)
_ZN6StringC2Ehh                                   /root/share/Code/AVRLibrary/Debug/libAVRLibrary.a(WString.o)
_ZN6StringC2Eih                                   /root/share/Code/AVRLibrary/Debug/libAVRLibrary.a(WString.o)
_ZN6StringC2Ejh                                   /root/share/Code/AVRLibrary/Debug/libAVRLibrary.a(WString.o)
_ZN6StringC2Elh                                   /root/share/Code/AVRLibrary/Debug/libAVRLibrary.a(WString.o)
_ZN6StringC2Emh                                   /root/share/Code/AVRLibrary/Debug/libAVRLibrary.a(WString.o)
_ZN6StringD1Ev                                    /root/share/Code/AVRLibrary/Debug/libAVRLibrary.a(WString.o)
_ZN6StringD2Ev                                    /root/share/Code/AVRLibrary/Debug/libAVRLibrary.a(WString.o)
_ZN6StringaSEO15StringSumHelper                   /root/share/Code/AVRLibrary/Debug/libAVRLibrary.a(WString.o)
_ZN6StringaSEOS_                                  /root/share/Code/AVRLibrary/Debug/libAVRLibrary.a(WString.o)
_ZN6StringaSEPKc                                  /root/share/Code/AVRLibrary/Debug/libAVRLibrary.a(WString.o)
_ZN6StringaSERKS_                                 /root/share/Code/AVRLibrary/Debug/libAVRLibrary.a(WString.o)
_ZN6StringixEj                                    /root/share/Code/AVRLibrary/Debug/libAVRLibrary.a(WString.o)
_ZN7Driving15SetDisplayErrorE5Error               ./DashPages/CC/Driving.o
_ZN7Driving15SetDisplayNoCANEb                    ./DashPages/CC/Driving.o
                                                  ./DashPages/CC/CCDash.o
_ZN7Driving4DrawEv                                ./DashPages/CC/Driving.o
_ZN7Driving5BeginEv                               ./DashPages/CC/Driving.o
_ZN7Driving8GearTextE                             ./DashPages/CC/Driving.o
_ZN7DrivingC1ER9FT801ImplI16FT_Transport_SPIERKN12CCDashConfig13ConvertedInfoE ./DashPages/CC/Driving.o
                                                  ./DashPages/CC/CCDash.o
_ZN7DrivingC2ER9FT801ImplI16FT_Transport_SPIERKN12CCDashConfig13ConvertedInfoE ./DashPages/CC/Driving.o
_ZN7DrivingD0Ev                                   ./DashPages/CC/Driving.o
_ZN7DrivingD1Ev                                   ./DashPages/CC/Driving.o
_ZN7DrivingD2Ev                                   ./DashPages/CC/Driving.o
_ZN8Charging4DrawEv                               ./DashPages/FE/Charging.o
_ZN8Charging5BeginEv                              ./DashPages/FE/Charging.o
_ZN8ChargingC1ER9FT801ImplI16FT_Transport_SPIERKN9DashTypes8DashDataE ./DashPages/FE/Charging.o
                                                  ./DashPages/FE/FEDash.o
_ZN8ChargingC2ER9FT801ImplI16FT_Transport_SPIERKN9DashTypes8DashDataE ./DashPages/FE/Charging.o
_ZN8ChargingD0Ev                                  ./DashPages/FE/Charging.o
_ZN8ChargingD1Ev                                  ./DashPages/FE/Charging.o
_ZN8ChargingD2Ev                                  ./DashPages/FE/Charging.o
_ZN8SPIClass11initializedE                        ./FTDI _V1/libraries/FT_GC/FT_Transport_SPI/SPI.o
_ZN8SPIClass13interruptMaskE                      ./FTDI _V1/libraries/FT_GC/FT_Transport_SPI/SPI.o
_ZN8SPIClass13interruptModeE                      ./FTDI _V1/libraries/FT_GC/FT_Transport_SPI/SPI.o
_ZN8SPIClass13interruptSaveE                      ./FTDI _V1/libraries/FT_GC/FT_Transport_SPI/SPI.o
_ZN8SPIClass14usingInterruptEh                    ./FTDI _V1/libraries/FT_GC/FT_Transport_SPI/SPI.o
_ZN8SPIClass17notUsingInterruptEh                 ./FTDI _V1/libraries/FT_GC/FT_Transport_SPI/SPI.o
_ZN8SPIClass3endEv                                ./FTDI _V1/libraries/FT_GC/FT_Transport_SPI/SPI.o
_ZN8SPIClass5beginEv                              ./FTDI _V1/libraries/FT_GC/FT_Transport_SPI/SPI.o
                                                  ./Screen.o
_ZN8delegate11method_stubI15ErrorConditionsXadL_ZNS1_7RefreshEhEEEEvPvh ./DashPages/CC/ErrorConditions.o
_ZN8delegate11method_stubI6ScreenXadL_ZNS1_19SendSwitchPositionsEhEEEEvPvh ./Screen.o
_ZN8delegate11method_stubI6ScreenXadL_ZNS1_20OnButtonInputChange0EhEEEEvPvh ./Screen.o
_ZN8delegate11method_stubI6ScreenXadL_ZNS1_20OnButtonInputChange1EhEEEEvPvh ./Screen.o
_ZN8delegate11method_stubI6ScreenXadL_ZNS1_20OnRotaryInputChange0EhEEEEvPvh ./Screen.o
_ZN8delegate11method_stubI6ScreenXadL_ZNS1_20OnRotaryInputChange1EhEEEEvPvh ./Screen.o
_ZN8delegate11method_stubI6ScreenXadL_ZNS1_20OnRotaryInputChange2EhEEEEvPvh ./Screen.o
_ZN8delegate11method_stubI9SubsystemXadL_ZNS1_6UpdateEhEEEEvPvh ./Subsystem.o
_ZN9CCDashStr10getDialStrENS_6ROTARYEhPc          ./DashPages/CC/CCDashStr.o
_ZN9CCDashStr14getErrorMsgStrE5ErrorPc            ./DashPages/CC/CCDashStr.o
                                                  ./DashPages/CC/Driving.o
_ZN9CCDashStr15getErrorTypeStrE5ErrorPc           ./DashPages/CC/CCDashStr.o
                                                  ./DashPages/CC/Driving.o
_ZN9CCDashStr20ERROR_MAX_MSG_LENGTHE              ./DashPages/CC/CCDashStr.o
                                                  ./DashPages/CC/Driving.o
_ZN9CCDashStr21ERROR_MAX_TYPE_LENGTHE             ./DashPages/CC/CCDashStr.o
                                                  ./DashPages/CC/Driving.o
_ZN9CCDashStr21STATE_MAX_DESC_LENGTHE             ./DashPages/CC/CCDashStr.o
_ZN9FEDashStr22BmsChargeErrorToStringENS_19eBMSLastChargeErrorERNS_18BMS_CHARGING_ERRORE ./DashPages/FE/FEDashStr.o
                                                  ./DashPages/FE/Charging.o
_ZN9FEDashStr22BmsChargeStateToStringENS_17eBMSChargingStateERNS_18BMS_CHARGING_STATEE ./DashPages/FE/FEDashStr.o
                                                  ./DashPages/FE/Charging.o
_ZN9FEDashStr22WarningMessageToStringENS_14WarningMessageERNS_5STATEE ./DashPages/FE/FEDashStr.o
_ZN9Subsystem4InitEv                              ./Subsystem.o
                                                  ./Screen.o
                                                  ./Input.o
                                                  ./ADCManager.o
_ZN9Subsystem6UpdateEh                            ./ADCManager.o
                                                  ./Subsystem.o
_ZN9SubsystemC1Eh                                 ./Subsystem.o
_ZN9SubsystemC2Eh                                 ./Subsystem.o
                                                  ./main.o
                                                  ./Screen.o
                                                  ./Input.o
_ZN9SubsystemD0Ev                                 ./Subsystem.o
_ZN9SubsystemD1Ev                                 ./Subsystem.o
_ZN9SubsystemD2Ev                                 ./Subsystem.o
_ZNK6String10startsWithERKS_                      /root/share/Code/AVRLibrary/Debug/libAVRLibrary.a(WString.o)
_ZNK6String10startsWithERKS_j                     /root/share/Code/AVRLibrary/Debug/libAVRLibrary.a(WString.o)
_ZNK6String11lastIndexOfERKS_                     /root/share/Code/AVRLibrary/Debug/libAVRLibrary.a(WString.o)
_ZNK6String11lastIndexOfERKS_j                    /root/share/Code/AVRLibrary/Debug/libAVRLibrary.a(WString.o)
_ZNK6String11lastIndexOfEc                        /root/share/Code/AVRLibrary/Debug/libAVRLibrary.a(WString.o)
_ZNK6String11lastIndexOfEcj                       /root/share/Code/AVRLibrary/Debug/libAVRLibrary.a(WString.o)
_ZNK6String16equalsIgnoreCaseERKS_                /root/share/Code/AVRLibrary/Debug/libAVRLibrary.a(WString.o)
_ZNK6String5toIntEv                               /root/share/Code/AVRLibrary/Debug/libAVRLibrary.a(WString.o)
_ZNK6String6charAtEj                              /root/share/Code/AVRLibrary/Debug/libAVRLibrary.a(WString.o)
_ZNK6String6equalsEPKc                            /root/share/Code/AVRLibrary/Debug/libAVRLibrary.a(WString.o)
_ZNK6String6equalsERKS_                           /root/share/Code/AVRLibrary/Debug/libAVRLibrary.a(WString.o)
_ZNK6String7indexOfERKS_                          /root/share/Code/AVRLibrary/Debug/libAVRLibrary.a(WString.o)
_ZNK6String7indexOfERKS_j                         /root/share/Code/AVRLibrary/Debug/libAVRLibrary.a(WString.o)
_ZNK6String7indexOfEc                             /root/share/Code/AVRLibrary/Debug/libAVRLibrary.a(WString.o)
_ZNK6String7indexOfEcj                            /root/share/Code/AVRLibrary/Debug/libAVRLibrary.a(WString.o)
_ZNK6String8endsWithERKS_                         /root/share/Code/AVRLibrary/Debug/libAVRLibrary.a(WString.o)
_ZNK6String8getBytesEPhjj                         /root/share/Code/AVRLibrary/Debug/libAVRLibrary.a(WString.o)
_ZNK6String9compareToERKS_                        /root/share/Code/AVRLibrary/Debug/libAVRLibrary.a(WString.o)
_ZNK6String9substringEj                           /root/share/Code/AVRLibrary/Debug/libAVRLibrary.a(WString.o)
_ZNK6String9substringEjj                          /root/share/Code/AVRLibrary/Debug/libAVRLibrary.a(WString.o)
_ZNK6StringgeERKS_                                /root/share/Code/AVRLibrary/Debug/libAVRLibrary.a(WString.o)
_ZNK6StringgtERKS_                                /root/share/Code/AVRLibrary/Debug/libAVRLibrary.a(WString.o)
_ZNK6StringixEj                                   /root/share/Code/AVRLibrary/Debug/libAVRLibrary.a(WString.o)
                                                  /root/share/Code/AVRLibrary/Debug/libAVRLibrary.a(Print.o)